2024-12-07 15:27:59,937 - ERROR - Error loading SMTP accounts: 'SMTPManager' object has no attribute 'encryption'
2024-12-07 15:27:59,941 - ERROR - Error loading campaigns: 'CampaignManager' object has no attribute 'encryption'
2024-12-07 15:28:22,395 - ERROR - Error loading SMTP accounts: 'SMTPManager' object has no attribute 'encryption'
2024-12-07 15:28:22,400 - ERROR - Error loading campaigns: 'CampaignManager' object has no attribute 'encryption'
2024-12-07 15:28:44,339 - ERROR - Error saving SMTP accounts: 'SMTPManager' object has no attribute 'encryption'
2024-12-07 15:30:11,922 - ERROR - Error loading SMTP accounts: 'SMTPManager' object has no attribute 'encryption'
2024-12-07 15:30:11,927 - ERROR - Error loading campaigns: 'CampaignManager' object has no attribute 'encryption'
2024-12-07 15:30:21,649 - ERROR - Error saving SMTP accounts: 'Security' object has no attribute 'cipher'
2024-12-07 15:37:24,578 - ERROR - Error loading campaigns: 'CampaignManager' object has no attribute 'encryption'
2024-12-07 15:38:04,225 - ERROR - SMTP test failed for 19360858012@ogrenci.btu.edu.tr@smtp.office365.com: [SSL: CERTIFICATE_VERIFY_FAILED] certificate verify failed: unable to get local issuer certificate (_ssl.c:1006)
2024-12-07 15:41:13,566 - ERROR - Error loading campaigns: 'CampaignManager' object has no attribute 'encryption'
2024-12-07 15:43:57,678 - ERROR - SMTP test failed for s.hany04282@art.dmu.edu.eg@smtp.office365.com: (535, b'5.7.139 Authentication unsuccessful, the user credentials were incorrect. [LO2P265CA0156.GBRP265.PROD.OUTLOOK.COM 2024-12-07T21:43:57.690Z 08DD16BC6119F1E4]')
2024-12-07 15:44:06,442 - ERROR - SMTP test failed for 3532211@student.edu.az@smtp.office365.com: (535, b'5.7.139 Authentication unsuccessful, the user credentials were incorrect. [LO2P265CA0149.GBRP265.PROD.OUTLOOK.COM 2024-12-07T21:44:06.050Z 08DD166D881C300C]')
2024-12-07 15:44:14,737 - ERROR - SMTP test failed for zaid19917@islamic-ec.edu.jo@smtp.office365.com: (535, b'5.7.139 Authentication unsuccessful, the user credentials were incorrect. [LO2P265CA0166.GBRP265.PROD.OUTLOOK.COM 2024-12-07T21:44:14.774Z 08DD16A002CA5692]')
2024-12-07 15:44:23,335 - ERROR - SMTP test failed for rana.alm.elden.24@h-eng.helwan.edu.eg@smtp.office365.com: (535, b'5.7.139 Authentication unsuccessful, the user credentials were incorrect. [LO2P265CA0158.GBRP265.PROD.OUTLOOK.COM 2024-12-07T21:44:23.092Z 08DD16C6E14E615E]')
2024-12-07 15:44:31,018 - ERROR - SMTP test failed for mostafa_en30894985@f-eng.tanta.edu.eg@smtp.office365.com: (535, b'5.7.139 Authentication unsuccessful, SmtpClientAuthentication is disabled for the Tenant. Visit https://aka.ms/smtp_auth_disabled for more information. [LO2P265CA0165.GBRP265.PROD.OUTLOOK.COM 2024-12-07T21:44:31.092Z 08DD16ACAD9BF3F3]')
2024-12-07 15:44:40,178 - ERROR - SMTP test failed for sefik.dinc@ogr.deu.edu.tr@smtp.office365.com: (535, b'5.7.3 Authentication unsuccessful [JN3P275CA0011.ZAFP275.PROD.OUTLOOK.COM 2024-12-07T21:44:39.946Z 08DD166231488C18]')
2024-12-07 15:44:49,403 - ERROR - SMTP test failed for e.frejer@sp162.elodz.edu.pl@smtp.office365.com: (535, b'5.7.3 Authentication unsuccessful [JN3P275CA0013.ZAFP275.PROD.OUTLOOK.COM 2024-12-07T21:44:49.454Z 08DD165CF7D2D77D]')
2024-12-07 15:45:04,831 - ERROR - SMTP test failed for mateo.torres.63@est.ucacue.edu.ec@smtp.office365.com: (535, b'5.7.139 Authentication unsuccessful, account locked. Contact your administrator. [JN3P275CA0012.ZAFP275.PROD.OUTLOOK.COM 2024-12-07T21:45:04.844Z 08DD16E095BCDF39]')
2024-12-07 15:45:18,202 - ERROR - SMTP test failed for ticochfa11135347@estudiantes.edu.ec@smtp.office365.com: (535, b'5.7.139 Authentication unsuccessful, the user credentials were incorrect. [JN3P275CA0008.ZAFP275.PROD.OUTLOOK.COM 2024-12-07T21:45:18.322Z 08DD16CF0ACF4A34]')
2024-12-07 15:45:30,410 - ERROR - SMTP test failed for 220206@utags.edu.mx@smtp.office365.com: (535, b'5.7.139 Authentication unsuccessful, the user credentials were incorrect. [JN3P275CA0008.ZAFP275.PROD.OUTLOOK.COM 2024-12-07T21:45:30.510Z 08DD16CF0ACF4A75]')
2024-12-07 15:45:41,563 - ERROR - SMTP test failed for oilhan17@posta.pau.edu.tr@smtp.office365.com: (535, b'5.7.139 Authentication unsuccessful, the user credentials were incorrect. [JN3P275CA0002.ZAFP275.PROD.OUTLOOK.COM 2024-12-07T21:45:41.690Z 08DD163951168148]')
2024-12-07 15:45:53,413 - ERROR - SMTP test failed for e00000276423@aliat.edu.mx@smtp.office365.com: (535, b'5.7.139 Authentication unsuccessful, the request did not meet the criteria to be authenticated successfully. Contact your administrator. [JN3P275CA0009.ZAFP275.PROD.OUTLOOK.COM 2024-12-07T21:45:53.520Z 08DD16512C9EF56C]')
2024-12-07 15:46:06,261 - ERROR - SMTP test failed for u22240307@utp.edu.pe@smtp.office365.com: (535, b'5.7.139 Authentication unsuccessful, account locked. Contact your administrator. [JN3P275CA0008.ZAFP275.PROD.OUTLOOK.COM 2024-12-07T21:46:06.135Z 08DD16CF0ACF4B01]')
2024-12-07 15:46:25,768 - ERROR - SMTP test failed for isaac.torres35@my.unitec.edu.mx@smtp.office365.com: (535, b'5.7.139 Authentication unsuccessful, the request did not meet the criteria to be authenticated successfully. Contact your administrator. [JN3P275CA0014.ZAFP275.PROD.OUTLOOK.COM 2024-12-07T21:46:25.770Z 08DD16C2A93948AE]')
2024-12-07 15:46:38,488 - ERROR - SMTP test failed for U23227856@utp.edu.pe@smtp.office365.com: (535, b'5.7.139 Authentication unsuccessful, account locked. Contact your administrator. [JN3P275CA0001.ZAFP275.PROD.OUTLOOK.COM 2024-12-07T21:46:38.631Z 08DD1645493FB8EC]')
2024-12-07 15:46:47,911 - ERROR - SMTP test failed for irving.gonzalez2@meduca.edu.pa@smtp.office365.com: (535, b'5.7.139 Authentication unsuccessful, SmtpClientAuthentication is disabled for the Tenant. Visit https://aka.ms/smtp_auth_disabled for more information. [JN3P275CA0001.ZAFP275.PROD.OUTLOOK.COM 2024-12-07T21:46:48.022Z 08DD1645493FB919]')
2024-12-07 15:47:14,252 - ERROR - Error loading campaigns: 'CampaignManager' object has no attribute 'encryption'
2024-12-07 15:47:58,247 - ERROR - SMTP test failed for s.hany04282@art.dmu.edu.eg@smtp.office365.com: (535, b'5.7.139 Authentication unsuccessful, the user credentials were incorrect. [JN3P275CA0004.ZAFP275.PROD.OUTLOOK.COM 2024-12-07T21:47:58.384Z 08DD166DABA89319]')
2024-12-07 15:48:08,730 - ERROR - SMTP test failed for 3532211@student.edu.az@smtp.office365.com: (535, b'5.7.139 Authentication unsuccessful, the user credentials were incorrect. [JN3P275CA0015.ZAFP275.PROD.OUTLOOK.COM 2024-12-07T21:48:08.826Z 08DD16569EA3BDDA]')
2024-12-07 15:48:19,696 - ERROR - SMTP test failed for zaid19917@islamic-ec.edu.jo@smtp.office365.com: (535, b'5.7.139 Authentication unsuccessful, the user credentials were incorrect. [JN3P275CA0002.ZAFP275.PROD.OUTLOOK.COM 2024-12-07T21:48:19.584Z 08DD1639511683A1]')
2024-12-07 15:48:30,005 - ERROR - SMTP test failed for rana.alm.elden.24@h-eng.helwan.edu.eg@smtp.office365.com: (535, b'5.7.139 Authentication unsuccessful, the user credentials were incorrect. [JN3P275CA0011.ZAFP275.PROD.OUTLOOK.COM 2024-12-07T21:48:30.105Z 08DD166231488F9B]')
2024-12-07 15:48:38,643 - ERROR - SMTP test failed for mostafa_en30894985@f-eng.tanta.edu.eg@smtp.office365.com: (535, b'5.7.139 Authentication unsuccessful, SmtpClientAuthentication is disabled for the Tenant. Visit https://aka.ms/smtp_auth_disabled for more information. [JN3P275CA0014.ZAFP275.PROD.OUTLOOK.COM 2024-12-07T21:48:38.725Z 08DD16C2A9394ACF]')
2024-12-07 15:48:47,425 - ERROR - SMTP test failed for sefik.dinc@ogr.deu.edu.tr@smtp.office365.com: (535, b'5.7.3 Authentication unsuccessful [JN3P275CA0001.ZAFP275.PROD.OUTLOOK.COM 2024-12-07T21:48:47.432Z 08DD1645493FBAEB]')
2024-12-07 15:48:56,646 - ERROR - SMTP test failed for e.frejer@sp162.elodz.edu.pl@smtp.office365.com: (535, b'5.7.3 Authentication unsuccessful [JN3P275CA0002.ZAFP275.PROD.OUTLOOK.COM 2024-12-07T21:48:56.788Z 08DD163951168433]')
2024-12-07 15:49:09,953 - ERROR - SMTP test failed for mateo.torres.63@est.ucacue.edu.ec@smtp.office365.com: (535, b'5.7.139 Authentication unsuccessful, account locked. Contact your administrator. [JN3P275CA0001.ZAFP275.PROD.OUTLOOK.COM 2024-12-07T21:49:09.916Z 08DD1645493FBB2E]')
2024-12-07 15:49:21,933 - ERROR - SMTP test failed for ticochfa11135347@estudiantes.edu.ec@smtp.office365.com: (535, b'5.7.139 Authentication unsuccessful, the user credentials were incorrect. [JN3P275CA0007.ZAFP275.PROD.OUTLOOK.COM 2024-12-07T21:49:22.046Z 08DD1621E9F95CAA]')
2024-12-07 15:49:33,448 - ERROR - SMTP test failed for 220206@utags.edu.mx@smtp.office365.com: (535, b'5.7.139 Authentication unsuccessful, the user credentials were incorrect. [JN3P275CA0009.ZAFP275.PROD.OUTLOOK.COM 2024-12-07T21:49:33.558Z 08DD16512C9EF89F]')
2024-12-07 15:49:44,210 - ERROR - SMTP test failed for oilhan17@posta.pau.edu.tr@smtp.office365.com: (535, b'5.7.139 Authentication unsuccessful, the user credentials were incorrect. [JN3P275CA0015.ZAFP275.PROD.OUTLOOK.COM 2024-12-07T21:49:43.984Z 08DD16569EA3BF4A]')
2024-12-07 15:49:56,392 - ERROR - SMTP test failed for e00000276423@aliat.edu.mx@smtp.office365.com: (535, b'5.7.139 Authentication unsuccessful, the request did not meet the criteria to be authenticated successfully. Contact your administrator. [JN3P275CA0015.ZAFP275.PROD.OUTLOOK.COM 2024-12-07T21:49:56.140Z 08DD16569EA3BF72]')
2024-12-07 15:50:08,820 - ERROR - SMTP test failed for u22240307@utp.edu.pe@smtp.office365.com: (535, b'5.7.139 Authentication unsuccessful, account locked. Contact your administrator. [JN3P275CA0002.ZAFP275.PROD.OUTLOOK.COM 2024-12-07T21:50:08.758Z 08DD163951168526]')
2024-12-07 15:50:20,885 - ERROR - SMTP test failed for isaac.torres35@my.unitec.edu.mx@smtp.office365.com: (535, b'5.7.139 Authentication unsuccessful, the request did not meet the criteria to be authenticated successfully. Contact your administrator. [JN3P275CA0006.ZAFP275.PROD.OUTLOOK.COM 2024-12-07T21:50:20.998Z 08DD16F30961BAC1]')
2024-12-07 15:50:38,750 - ERROR - SMTP test failed for U23227856@utp.edu.pe@smtp.office365.com: (535, b'5.7.139 Authentication unsuccessful, account locked. Contact your administrator. [JN3P275CA0006.ZAFP275.PROD.OUTLOOK.COM 2024-12-07T21:50:38.858Z 08DD16F30961BAF1]')
2024-12-07 15:50:47,917 - ERROR - SMTP test failed for irving.gonzalez2@meduca.edu.pa@smtp.office365.com: (535, b'5.7.139 Authentication unsuccessful, SmtpClientAuthentication is disabled for the Tenant. Visit https://aka.ms/smtp_auth_disabled for more information. [JN3P275CA0007.ZAFP275.PROD.OUTLOOK.COM 2024-12-07T21:50:48.017Z 08DD1621E9F95DFD]')
2024-12-07 15:50:58,291 - ERROR - SMTP test failed for 18332647055@ogrenci.btu.edu.tr@smtp.office365.com: (535, b'5.7.139 Authentication unsuccessful, the user credentials were incorrect. [JN3P275CA0015.ZAFP275.PROD.OUTLOOK.COM 2024-12-07T21:50:58.344Z 08DD16569EA3C064]')
2024-12-07 15:51:18,201 - ERROR - SMTP test failed for leonardo.escribano_248d@conalepmex.edu.mx@smtp.office365.com: (535, b'5.7.139 Authentication unsuccessful, the user credentials were incorrect. [JN3P275CA0006.ZAFP275.PROD.OUTLOOK.COM 2024-12-07T21:51:18.218Z 08DD16F30961BB6D]')
2024-12-07 15:51:31,457 - ERROR - SMTP test failed for ojara@unach.edu.ec@smtp.office365.com: (535, b'5.7.139 Authentication unsuccessful, the user credentials were incorrect. [JN3P275CA0013.ZAFP275.PROD.OUTLOOK.COM 2024-12-07T21:51:31.574Z 08DD165CF7D2DD76]')
2024-12-07 15:51:49,334 - ERROR - SMTP test failed for jcarlosquinones@estudiante.uniajc.edu.co@smtp.office365.com: (535, b'5.7.139 Authentication unsuccessful, the user credentials were incorrect. [JN3P275CA0015.ZAFP275.PROD.OUTLOOK.COM 2024-12-07T21:51:49.470Z 08DD16569EA3C126]')
2024-12-07 15:52:01,794 - ERROR - SMTP test failed for u20209307@utp.edu.pe@smtp.office365.com: (535, b'5.7.139 Authentication unsuccessful, account locked. Contact your administrator. [JN3P275CA0005.ZAFP275.PROD.OUTLOOK.COM 2024-12-07T21:52:01.859Z 08DD164AED7157D0]')
2024-12-07 15:52:18,647 - ERROR - SMTP test failed for e_2013200626h@uncp.edu.pe@smtp.office365.com: (535, b'5.7.139 Authentication unsuccessful, the user credentials were incorrect. [JN3P275CA0015.ZAFP275.PROD.OUTLOOK.COM 2024-12-07T21:52:18.643Z 08DD16569EA3C171]')
2024-12-07 15:52:31,446 - ERROR - SMTP test failed for marcos.vinicius@acad.fanese.edu.br@smtp.office365.com: (535, b'5.7.139 Authentication unsuccessful, the user credentials were incorrect. [JN3P275CA0001.ZAFP275.PROD.OUTLOOK.COM 2024-12-07T21:52:31.531Z 08DD1645493FBE22]')
2024-12-07 15:52:43,138 - ERROR - SMTP test failed for u23208572@utp.edu.pe@smtp.office365.com: (535, b'5.7.139 Authentication unsuccessful, the user credentials were incorrect. [JN3P275CA0008.ZAFP275.PROD.OUTLOOK.COM 2024-12-07T21:52:43.234Z 08DD16CF0ACF50CC]')
2024-12-07 15:52:56,096 - ERROR - SMTP test failed for santiago.vazquezt35@my.unitec.edu.mx@smtp.office365.com: (535, b'5.7.139 Authentication unsuccessful, the request did not meet the criteria to be authenticated successfully. Contact your administrator. [JN3P275CA0013.ZAFP275.PROD.OUTLOOK.COM 2024-12-07T21:52:56.123Z 08DD165CF7D2DEB8]')
2024-12-07 15:53:14,789 - ERROR - SMTP test failed for u22215097@utp.edu.pe@smtp.office365.com: (535, b'5.7.139 Authentication unsuccessful, account locked. Contact your administrator. [JN3P275CA0007.ZAFP275.PROD.OUTLOOK.COM 2024-12-07T21:53:14.771Z 08DD1621E9F9601A]')
2024-12-07 15:53:24,108 - ERROR - SMTP test failed for a17203773@idat.edu.pe@smtp.office365.com: (535, b'5.7.3 Authentication unsuccessful [JN3P275CA0015.ZAFP275.PROD.OUTLOOK.COM 2024-12-07T21:53:24.019Z 08DD16569EA3C2BD]')
2024-12-07 15:53:38,067 - ERROR - SMTP test failed for kalcalas@tecnocomfenalco.edu.co@smtp.office365.com: (535, b'5.7.139 Authentication unsuccessful, the user credentials were incorrect. [JN3P275CA0007.ZAFP275.PROD.OUTLOOK.COM 2024-12-07T21:53:38.162Z 08DD1621E9F96082]')
2024-12-07 15:53:52,519 - ERROR - SMTP test failed for raul.flores60721@uped.edu.sv@smtp.office365.com: (535, b'5.7.139 Authentication unsuccessful, the user credentials were incorrect. [JN3P275CA0002.ZAFP275.PROD.OUTLOOK.COM 2024-12-07T21:53:52.638Z 08DD1639511688A2]')
2024-12-07 15:54:07,066 - ERROR - SMTP test failed for caplazasm@unadvirtual.edu.co@smtp.office365.com: (535, b'5.7.139 Authentication unsuccessful, the user credentials were incorrect. [JN3P275CA0003.ZAFP275.PROD.OUTLOOK.COM 2024-12-07T21:54:07.180Z 08DD170788CE2D91]')
2024-12-07 15:54:18,353 - ERROR - SMTP test failed for u19201480@utp.edu.pe@smtp.office365.com: (535, b'5.7.139 Authentication unsuccessful, account locked. Contact your administrator. [JN3P275CA0008.ZAFP275.PROD.OUTLOOK.COM 2024-12-07T21:54:18.486Z 08DD16CF0ACF524B]')
2024-12-07 15:54:29,764 - ERROR - SMTP test failed for U19201480@utp.edu.pe@smtp.office365.com: (535, b'5.7.139 Authentication unsuccessful, account locked. Contact your administrator. [JN3P275CA0001.ZAFP275.PROD.OUTLOOK.COM 2024-12-07T21:54:29.862Z 08DD1645493FC000]')
2024-12-07 15:54:42,660 - ERROR - SMTP test failed for a.m.tahleesh@students.ptuk.edu.ps@smtp.office365.com: (535, b'5.7.139 Authentication unsuccessful, the user credentials were incorrect. [JN3P275CA0015.ZAFP275.PROD.OUTLOOK.COM 2024-12-07T21:54:42.645Z 08DD16569EA3C3BF]')
2024-12-07 15:54:53,867 - ERROR - SMTP test failed for anderson.perezg@campusucc.edu.co@smtp.office365.com: (535, b'5.7.3 Authentication unsuccessful [JN3P275CA0005.ZAFP275.PROD.OUTLOOK.COM 2024-12-07T21:54:53.770Z 08DD164AED715A61]')
2024-12-07 15:55:06,236 - ERROR - SMTP test failed for ce_csociales_septimo_a@unach.edu.ec@smtp.office365.com: (535, b'5.7.139 Authentication unsuccessful, the user credentials were incorrect. [JN3P275CA0012.ZAFP275.PROD.OUTLOOK.COM 2024-12-07T21:55:06.385Z 08DD16E095BCE846]')
2024-12-07 15:55:21,415 - ERROR - SMTP test failed for E23200098@postgradoutp.edu.pe@smtp.office365.com: (535, b'5.7.139 Authentication unsuccessful, account locked. Contact your administrator. [JN3P275CA0003.ZAFP275.PROD.OUTLOOK.COM 2024-12-07T21:55:21.447Z 08DD170788CE2E9C]')
2024-12-07 15:55:41,197 - ERROR - SMTP test failed for dio.311353@balagtas.sti.edu.ph@smtp.office365.com: (535, b'5.7.139 Authentication unsuccessful, account locked. Contact your administrator. [JN3P275CA0012.ZAFP275.PROD.OUTLOOK.COM 2024-12-07T21:55:41.245Z 08DD16E095BCE8B8]')
2024-12-07 15:55:53,507 - ERROR - SMTP test failed for u22301258@utp.edu.pe@smtp.office365.com: (535, b'5.7.139 Authentication unsuccessful, the user credentials were incorrect. [JN3P275CA0008.ZAFP275.PROD.OUTLOOK.COM 2024-12-07T21:55:53.643Z 08DD16CF0ACF5427]')
2024-12-07 15:56:06,504 - ERROR - SMTP test failed for fernandolv.acad012@df.conalep.edu.mx@smtp.office365.com: (535, b'5.7.139 Authentication unsuccessful, the user credentials were incorrect. [JN3P275CA0004.ZAFP275.PROD.OUTLOOK.COM 2024-12-07T21:56:06.631Z 08DD166DABA89B1A]')
2024-12-07 15:56:17,856 - ERROR - SMTP test failed for 3240851@student.edu.az@smtp.office365.com: (535, b'5.7.139 Authentication unsuccessful, the user credentials were incorrect. [JN3P275CA0005.ZAFP275.PROD.OUTLOOK.COM 2024-12-07T21:56:17.944Z 08DD164AED715C74]')
2024-12-07 15:56:28,890 - ERROR - SMTP test failed for ahmedmagdyabd-alwadoudmohamed364st@science.helwan.edu.eg@smtp.office365.com: (535, b'5.7.139 Authentication unsuccessful, the user credentials were incorrect. [JN3P275CA0001.ZAFP275.PROD.OUTLOOK.COM 2024-12-07T21:56:29.021Z 08DD1645493FC283]')
2024-12-07 15:56:40,741 - ERROR - SMTP test failed for irene.rivadeneira@estudiantes.edu.ec@smtp.office365.com: (535, b'5.7.139 Authentication unsuccessful, the user credentials were incorrect. [JN3P275CA0008.ZAFP275.PROD.OUTLOOK.COM 2024-12-07T21:56:40.863Z 08DD16CF0ACF5534]')
2024-12-07 15:56:53,117 - ERROR - SMTP test failed for U23255349@utp.edu.pe@smtp.office365.com: (535, b'5.7.139 Authentication unsuccessful, the user credentials were incorrect. [JN3P275CA0003.ZAFP275.PROD.OUTLOOK.COM 2024-12-07T21:56:53.229Z 08DD170788CE30E1]')
2024-12-07 15:57:05,389 - ERROR - SMTP test failed for u20304216@utp.edu.pe@smtp.office365.com: (535, b'5.7.139 Authentication unsuccessful, account locked. Contact your administrator. [JN3P275CA0012.ZAFP275.PROD.OUTLOOK.COM 2024-12-07T21:57:05.434Z 08DD16E095BCEAEF]')
2024-12-07 15:57:17,221 - ERROR - SMTP test failed for loreno.893171@wnu.sti.edu.ph@smtp.office365.com: (535, b'5.7.139 Authentication unsuccessful, the user credentials were incorrect. [JN3P275CA0005.ZAFP275.PROD.OUTLOOK.COM 2024-12-07T21:57:17.274Z 08DD164AED715D98]')
2024-12-07 15:57:30,588 - ERROR - SMTP test failed for 2019212773@fmu.edu.br@smtp.office365.com: (535, b'5.7.139 Authentication unsuccessful, the user credentials were incorrect. [JN3P275CA0015.ZAFP275.PROD.OUTLOOK.COM 2024-12-07T21:57:30.726Z 08DD16569EA3C751]')
2024-12-07 15:57:39,318 - ERROR - SMTP test failed for sv43576736@idat.edu.pe@smtp.office365.com: (535, b'5.7.3 Authentication unsuccessful [JN3P275CA0002.ZAFP275.PROD.OUTLOOK.COM 2024-12-07T21:57:39.048Z 08DD163951168D38]')
2024-12-07 15:57:50,848 - ERROR - SMTP test failed for 1552305@student.edu.az@smtp.office365.com: (535, b'5.7.139 Authentication unsuccessful, the user credentials were incorrect. [JN3P275CA0013.ZAFP275.PROD.OUTLOOK.COM 2024-12-07T21:57:50.849Z 08DD165CF7D2E470]')
2024-12-07 15:58:04,241 - ERROR - SMTP test failed for U22325802@utp.edu.pe@smtp.office365.com: (535, b'5.7.139 Authentication unsuccessful, the user credentials were incorrect. [JN3P275CA0003.ZAFP275.PROD.OUTLOOK.COM 2024-12-07T21:58:04.325Z 08DD170788CE324F]')
2024-12-07 15:58:19,250 - ERROR - SMTP test failed for juana.reymundo@unas.edu.pe@smtp.office365.com: (535, b'5.7.139 Authentication unsuccessful, account locked. Contact your administrator. [JN3P275CA0003.ZAFP275.PROD.OUTLOOK.COM 2024-12-07T21:58:19.170Z 08DD170788CE3295]')
2024-12-07 15:58:30,073 - ERROR - SMTP test failed for aargarizq@alu.edu.gva.es@smtp.office365.com: (535, b'5.7.139 Authentication unsuccessful, the user credentials were incorrect. [JN3P275CA0006.ZAFP275.PROD.OUTLOOK.COM 2024-12-07T21:58:30.113Z 08DD16F30961C36B]')
2024-12-07 15:58:41,168 - ERROR - SMTP test failed for juan.trianatrujillo@sedtolima.edu.co@smtp.office365.com: (535, b'5.7.3 Authentication unsuccessful [JN3P275CA0014.ZAFP275.PROD.OUTLOOK.COM 2024-12-07T21:58:41.282Z 08DD16C2A93954FB]')
2024-12-07 15:58:52,104 - ERROR - Error adding recipients: 'RecipientManager' object has no attribute '_validate_email'
2024-12-07 15:58:54,412 - ERROR - SMTP test failed for 42825698@continental.edu.pe@smtp.office365.com: (535, b'5.7.139 Authentication unsuccessful, the user credentials were incorrect. [JN3P275CA0008.ZAFP275.PROD.OUTLOOK.COM 2024-12-07T21:58:54.552Z 08DD16CF0ACF57C3]')
2024-12-07 15:59:08,954 - ERROR - SMTP test failed for 45815296@istsanpablo.edu.pe@smtp.office365.com: (535, b'5.7.139 Authentication unsuccessful, account locked. Contact your administrator. [JN3P275CA0006.ZAFP275.PROD.OUTLOOK.COM 2024-12-07T21:59:09.098Z 08DD16F30961C3F4]')
2024-12-07 15:59:17,394 - ERROR - SMTP test failed for a19202190@idat.edu.pe@smtp.office365.com: (535, b'5.7.3 Authentication unsuccessful [JN3P275CA0006.ZAFP275.PROD.OUTLOOK.COM 2024-12-07T21:59:17.505Z 08DD16F30961C465]')
2024-12-07 15:59:42,686 - ERROR - SMTP test failed for a.eliorico00329@student.tsu.edu.ph@smtp.office365.com: (535, b'5.7.139 Authentication unsuccessful, the user credentials were incorrect. [JN3P275CA0008.ZAFP275.PROD.OUTLOOK.COM 2024-12-07T21:59:42.834Z 08DD16CF0ACF5891]')
2024-12-07 15:59:54,358 - ERROR - SMTP test failed for 62j2052@shct.edu.om@smtp.office365.com: (535, b'5.7.139 Authentication unsuccessful, account locked. Contact your administrator. [JN3P275CA0002.ZAFP275.PROD.OUTLOOK.COM 2024-12-07T21:59:54.504Z 08DD163951168FBC]')
2024-12-07 16:00:06,383 - ERROR - SMTP test failed for U20304216@utp.edu.pe@smtp.office365.com: (535, b'5.7.139 Authentication unsuccessful, account locked. Contact your administrator. [JN3P275CA0013.ZAFP275.PROD.OUTLOOK.COM 2024-12-07T22:00:06.462Z 08DD165CF7D2E715]')
2024-12-07 16:00:23,384 - ERROR - SMTP test failed for u22321577@utp.edu.pe@smtp.office365.com: (535, b'5.7.139 Authentication unsuccessful, the user credentials were incorrect. [JN3P275CA0014.ZAFP275.PROD.OUTLOOK.COM 2024-12-07T22:00:23.456Z 08DD16C2A93956E5]')
2024-12-07 16:00:33,475 - ERROR - SMTP test failed for edgardo.antonio.lopez@docentes.mined.edu.sv@smtp.office365.com: (535, b'5.7.3 Authentication unsuccessful [JN3P275CA0011.ZAFP275.PROD.OUTLOOK.COM 2024-12-07T22:00:33.598Z 08DD166231489C8B]')
2024-12-07 16:01:28,027 - ERROR - SMTP test failed for s.hany04282@art.dmu.edu.eg@smtp.office365.com: (535, b'5.7.139 Authentication unsuccessful, the user credentials were incorrect. [JN3P275CA0001.ZAFP275.PROD.OUTLOOK.COM 2024-12-07T22:01:28.169Z 08DD1645493FC834]')
2024-12-07 16:01:39,005 - ERROR - SMTP test failed for 3532211@student.edu.az@smtp.office365.com: (535, b'5.7.139 Authentication unsuccessful, the user credentials were incorrect. [JN3P275CA0001.ZAFP275.PROD.OUTLOOK.COM 2024-12-07T22:01:39.153Z 08DD1645493FC868]')
2024-12-07 16:01:49,530 - ERROR - SMTP test failed for zaid19917@islamic-ec.edu.jo@smtp.office365.com: (535, b'5.7.139 Authentication unsuccessful, the user credentials were incorrect. [JN3P275CA0004.ZAFP275.PROD.OUTLOOK.COM 2024-12-07T22:01:49.483Z 08DD166DABA8A1A1]')
2024-12-07 16:01:57,196 - INFO - Recipients saved successfully
2024-12-07 16:02:00,831 - ERROR - SMTP test failed for rana.alm.elden.24@h-eng.helwan.edu.eg@smtp.office365.com: (535, b'5.7.139 Authentication unsuccessful, the user credentials were incorrect. [JN3P275CA0014.ZAFP275.PROD.OUTLOOK.COM 2024-12-07T22:02:00.630Z 08DD16C2A93958E4]')
2024-12-07 16:02:09,003 - ERROR - SMTP test failed for mostafa_en30894985@f-eng.tanta.edu.eg@smtp.office365.com: (535, b'5.7.139 Authentication unsuccessful, SmtpClientAuthentication is disabled for the Tenant. Visit https://aka.ms/smtp_auth_disabled for more information. [JN3P275CA0006.ZAFP275.PROD.OUTLOOK.COM 2024-12-07T22:02:09.069Z 08DD16F30961C792]')
2024-12-07 16:02:19,139 - ERROR - SMTP test failed for sefik.dinc@ogr.deu.edu.tr@smtp.office365.com: (535, b'5.7.3 Authentication unsuccessful [JN3P275CA0003.ZAFP275.PROD.OUTLOOK.COM 2024-12-07T22:02:19.177Z 08DD170788CE374C]')
2024-12-07 16:02:28,133 - ERROR - SMTP test failed for e.frejer@sp162.elodz.edu.pl@smtp.office365.com: (535, b'5.7.3 Authentication unsuccessful [JN3P275CA0001.ZAFP275.PROD.OUTLOOK.COM 2024-12-07T22:02:28.264Z 08DD1645493FC961]')
2024-12-07 16:02:33,590 - INFO - Recipients saved successfully
2024-12-07 16:02:40,555 - ERROR - SMTP test failed for mateo.torres.63@est.ucacue.edu.ec@smtp.office365.com: (535, b'5.7.139 Authentication unsuccessful, account locked. Contact your administrator. [JN3P275CA0012.ZAFP275.PROD.OUTLOOK.COM 2024-12-07T22:02:40.504Z 08DD16E095BCF199]')
2024-12-07 16:02:53,141 - ERROR - SMTP test failed for ticochfa11135347@estudiantes.edu.ec@smtp.office365.com: (535, b'5.7.139 Authentication unsuccessful, the user credentials were incorrect. [JN3P275CA0013.ZAFP275.PROD.OUTLOOK.COM 2024-12-07T22:02:53.138Z 08DD165CF7D2EA75]')
2024-12-07 16:03:05,450 - ERROR - SMTP test failed for 220206@utags.edu.mx@smtp.office365.com: (535, b'5.7.139 Authentication unsuccessful, the user credentials were incorrect. [JN3P275CA0012.ZAFP275.PROD.OUTLOOK.COM 2024-12-07T22:03:05.317Z 08DD16E095BCF21A]')
2024-12-07 16:03:16,505 - ERROR - SMTP test failed for oilhan17@posta.pau.edu.tr@smtp.office365.com: (535, b'5.7.139 Authentication unsuccessful, the user credentials were incorrect. [JN3P275CA0008.ZAFP275.PROD.OUTLOOK.COM 2024-12-07T22:03:16.618Z 08DD16CF0ACF5CF8]')
2024-12-07 16:03:27,286 - ERROR - SMTP test failed for e00000276423@aliat.edu.mx@smtp.office365.com: (535, b'5.7.139 Authentication unsuccessful, the request did not meet the criteria to be authenticated successfully. Contact your administrator. [JN3P275CA0002.ZAFP275.PROD.OUTLOOK.COM 2024-12-07T22:03:27.431Z 08DD1639511693CA]')
2024-12-07 16:03:38,915 - ERROR - SMTP test failed for u22240307@utp.edu.pe@smtp.office365.com: (535, b'5.7.139 Authentication unsuccessful, account locked. Contact your administrator. [JN3P275CA0014.ZAFP275.PROD.OUTLOOK.COM 2024-12-07T22:03:38.992Z 08DD16C2A9395ABE]')
2024-12-07 16:03:43,663 - INFO - Recipients saved successfully
2024-12-07 16:03:50,513 - ERROR - SMTP test failed for isaac.torres35@my.unitec.edu.mx@smtp.office365.com: (535, b'5.7.139 Authentication unsuccessful, the request did not meet the criteria to be authenticated successfully. Contact your administrator. [JN3P275CA0013.ZAFP275.PROD.OUTLOOK.COM 2024-12-07T22:03:50.436Z 08DD165CF7D2EB7E]')
2024-12-07 16:04:02,523 - ERROR - SMTP test failed for U23227856@utp.edu.pe@smtp.office365.com: (535, b'5.7.139 Authentication unsuccessful, the user credentials were incorrect. [JN3P275CA0009.ZAFP275.PROD.OUTLOOK.COM 2024-12-07T22:04:02.628Z 08DD16512C9F0863]')
2024-12-07 16:04:11,866 - ERROR - SMTP test failed for irving.gonzalez2@meduca.edu.pa@smtp.office365.com: (535, b'5.7.139 Authentication unsuccessful, SmtpClientAuthentication is disabled for the Tenant. Visit https://aka.ms/smtp_auth_disabled for more information. [JN3P275CA0011.ZAFP275.PROD.OUTLOOK.COM 2024-12-07T22:04:12.023Z 08DD16623148A0E0]')
2024-12-07 16:04:22,440 - ERROR - Error creating campaign: string indices must be integers, not 'str'
2024-12-07 16:04:24,032 - ERROR - SMTP test failed for 18332647055@ogrenci.btu.edu.tr@smtp.office365.com: (535, b'5.7.139 Authentication unsuccessful, account locked. Contact your administrator. [JN3P275CA0006.ZAFP275.PROD.OUTLOOK.COM 2024-12-07T22:04:24.040Z 08DD16F30961CA12]')
2024-12-07 16:04:36,867 - ERROR - SMTP test failed for leonardo.escribano_248d@conalepmex.edu.mx@smtp.office365.com: (535, b'5.7.139 Authentication unsuccessful, the user credentials were incorrect. [JN3P275CA0014.ZAFP275.PROD.OUTLOOK.COM 2024-12-07T22:04:36.508Z 08DD16C2A9395BBC]')
2024-12-07 16:04:48,088 - ERROR - SMTP test failed for ojara@unach.edu.ec@smtp.office365.com: (535, b'5.7.139 Authentication unsuccessful, the user credentials were incorrect. [JN3P275CA0013.ZAFP275.PROD.OUTLOOK.COM 2024-12-07T22:04:48.234Z 08DD165CF7D2EC89]')
2024-12-07 16:05:06,256 - ERROR - SMTP test failed for jcarlosquinones@estudiante.uniajc.edu.co@smtp.office365.com: (535, b'5.7.139 Authentication unsuccessful, the user credentials were incorrect. [JN3P275CA0003.ZAFP275.PROD.OUTLOOK.COM 2024-12-07T22:05:06.382Z 08DD170788CE3A0E]')
2024-12-07 16:05:17,502 - ERROR - SMTP test failed for u20209307@utp.edu.pe@smtp.office365.com: (535, b'5.7.139 Authentication unsuccessful, account locked. Contact your administrator. [JN3P275CA0005.ZAFP275.PROD.OUTLOOK.COM 2024-12-07T22:05:17.568Z 08DD164AED7166CB]')
2024-12-07 16:05:29,747 - ERROR - SMTP test failed for e_2013200626h@uncp.edu.pe@smtp.office365.com: (535, b'5.7.139 Authentication unsuccessful, the user credentials were incorrect. [JN3P275CA0004.ZAFP275.PROD.OUTLOOK.COM 2024-12-07T22:05:29.880Z 08DD166DABA8A5A7]')
2024-12-07 16:05:42,079 - ERROR - SMTP test failed for marcos.vinicius@acad.fanese.edu.br@smtp.office365.com: (535, b'5.7.139 Authentication unsuccessful, the user credentials were incorrect. [JN3P275CA0014.ZAFP275.PROD.OUTLOOK.COM 2024-12-07T22:05:42.213Z 08DD16C2A9395CF7]')
2024-12-07 16:05:52,820 - ERROR - SMTP test failed for u23208572@utp.edu.pe@smtp.office365.com: (535, b'5.7.139 Authentication unsuccessful, the user credentials were incorrect. [JN3P275CA0008.ZAFP275.PROD.OUTLOOK.COM 2024-12-07T22:05:52.980Z 08DD16CF0ACF5FF6]')
2024-12-07 16:06:04,845 - ERROR - SMTP test failed for santiago.vazquezt35@my.unitec.edu.mx@smtp.office365.com: (535, b'5.7.139 Authentication unsuccessful, the request did not meet the criteria to be authenticated successfully. Contact your administrator. [JN3P275CA0007.ZAFP275.PROD.OUTLOOK.COM 2024-12-07T22:06:04.868Z 08DD1621E9F96EC9]')
2024-12-07 16:06:16,753 - ERROR - SMTP test failed for u22215097@utp.edu.pe@smtp.office365.com: (535, b'5.7.139 Authentication unsuccessful, account locked. Contact your administrator. [JN3P275CA0002.ZAFP275.PROD.OUTLOOK.COM 2024-12-07T22:06:16.919Z 08DD1639511696D9]')
2024-12-07 16:06:25,362 - ERROR - SMTP test failed for a17203773@idat.edu.pe@smtp.office365.com: (535, b'5.7.3 Authentication unsuccessful [JN3P275CA0001.ZAFP275.PROD.OUTLOOK.COM 2024-12-07T22:06:25.457Z 08DD1645493FCDA0]')
2024-12-07 16:06:37,467 - ERROR - SMTP test failed for kalcalas@tecnocomfenalco.edu.co@smtp.office365.com: (535, b'5.7.139 Authentication unsuccessful, the user credentials were incorrect. [JN3P275CA0014.ZAFP275.PROD.OUTLOOK.COM 2024-12-07T22:06:37.620Z 08DD16C2A9395E33]')
2024-12-07 16:06:50,394 - ERROR - SMTP test failed for raul.flores60721@uped.edu.sv@smtp.office365.com: (535, b'5.7.139 Authentication unsuccessful, the user credentials were incorrect. [JN3P275CA0015.ZAFP275.PROD.OUTLOOK.COM 2024-12-07T22:06:50.454Z 08DD16569EA3D1EC]')
2024-12-07 16:07:02,998 - ERROR - SMTP test failed for caplazasm@unadvirtual.edu.co@smtp.office365.com: (535, b'5.7.139 Authentication unsuccessful, the user credentials were incorrect. [JN3P275CA0002.ZAFP275.PROD.OUTLOOK.COM 2024-12-07T22:07:03.138Z 08DD1639511697B6]')
2024-12-07 16:07:14,568 - ERROR - SMTP test failed for u19201480@utp.edu.pe@smtp.office365.com: (535, b'5.7.139 Authentication unsuccessful, account locked. Contact your administrator. [JN3P275CA0001.ZAFP275.PROD.OUTLOOK.COM 2024-12-07T22:07:14.630Z 08DD1645493FCE54]')
2024-12-07 16:07:25,780 - ERROR - SMTP test failed for U19201480@utp.edu.pe@smtp.office365.com: (535, b'5.7.139 Authentication unsuccessful, account locked. Contact your administrator. [JN3P275CA0002.ZAFP275.PROD.OUTLOOK.COM 2024-12-07T22:07:25.717Z 08DD16395116983A]')
2024-12-07 16:07:38,550 - ERROR - SMTP test failed for a.m.tahleesh@students.ptuk.edu.ps@smtp.office365.com: (535, b'5.7.139 Authentication unsuccessful, the user credentials were incorrect. [JN3P275CA0008.ZAFP275.PROD.OUTLOOK.COM 2024-12-07T22:07:38.669Z 08DD16CF0ACF61C2]')
2024-12-07 16:07:48,557 - ERROR - SMTP test failed for anderson.perezg@campusucc.edu.co@smtp.office365.com: (535, b'5.7.3 Authentication unsuccessful [JN3P275CA0015.ZAFP275.PROD.OUTLOOK.COM 2024-12-07T22:07:48.643Z 08DD16569EA3D317]')
2024-12-07 16:08:00,445 - ERROR - SMTP test failed for ce_csociales_septimo_a@unach.edu.ec@smtp.office365.com: (535, b'5.7.139 Authentication unsuccessful, the user credentials were incorrect. [JN3P275CA0004.ZAFP275.PROD.OUTLOOK.COM 2024-12-07T22:08:00.587Z 08DD166DABA8A833]')
2024-12-07 16:08:12,211 - ERROR - SMTP test failed for E23200098@postgradoutp.edu.pe@smtp.office365.com: (535, b'5.7.139 Authentication unsuccessful, account locked. Contact your administrator. [JN3P275CA0005.ZAFP275.PROD.OUTLOOK.COM 2024-12-07T22:08:12.307Z 08DD164AED716A06]')
2024-12-07 16:08:24,412 - ERROR - SMTP test failed for dio.311353@balagtas.sti.edu.ph@smtp.office365.com: (535, b'5.7.139 Authentication unsuccessful, account locked. Contact your administrator. [JN3P275CA0002.ZAFP275.PROD.OUTLOOK.COM 2024-12-07T22:08:24.546Z 08DD163951169941]')
2024-12-07 16:08:35,666 - ERROR - SMTP test failed for u22301258@utp.edu.pe@smtp.office365.com: (535, b'5.7.139 Authentication unsuccessful, the user credentials were incorrect. [JN3P275CA0003.ZAFP275.PROD.OUTLOOK.COM 2024-12-07T22:08:35.806Z 08DD170788CE3DD5]')
2024-12-07 16:08:47,026 - ERROR - SMTP test failed for fernandolv.acad012@df.conalep.edu.mx@smtp.office365.com: (535, b'5.7.139 Authentication unsuccessful, the user credentials were incorrect. [JN3P275CA0005.ZAFP275.PROD.OUTLOOK.COM 2024-12-07T22:08:47.058Z 08DD164AED716A97]')
2024-12-07 16:08:57,335 - ERROR - SMTP test failed for 3240851@student.edu.az@smtp.office365.com: (535, b'5.7.139 Authentication unsuccessful, the user credentials were incorrect. [JN3P275CA0006.ZAFP275.PROD.OUTLOOK.COM 2024-12-07T22:08:57.451Z 08DD16F30961CEA1]')
2024-12-07 16:09:07,823 - ERROR - SMTP test failed for ahmedmagdyabd-alwadoudmohamed364st@science.helwan.edu.eg@smtp.office365.com: (535, b'5.7.139 Authentication unsuccessful, the user credentials were incorrect. [JN3P275CA0013.ZAFP275.PROD.OUTLOOK.COM 2024-12-07T22:09:07.929Z 08DD165CF7D2F11D]')
2024-12-07 16:09:19,250 - ERROR - SMTP test failed for irene.rivadeneira@estudiantes.edu.ec@smtp.office365.com: (535, b'5.7.139 Authentication unsuccessful, the user credentials were incorrect. [JN3P275CA0006.ZAFP275.PROD.OUTLOOK.COM 2024-12-07T22:09:19.374Z 08DD16F30961CF05]')
2024-12-07 16:09:29,655 - ERROR - SMTP test failed for U23255349@utp.edu.pe@smtp.office365.com: (535, b'5.7.139 Authentication unsuccessful, the user credentials were incorrect. [JN3P275CA0008.ZAFP275.PROD.OUTLOOK.COM 2024-12-07T22:09:29.639Z 08DD16CF0ACF63D4]')
2024-12-07 16:09:41,026 - ERROR - SMTP test failed for u20304216@utp.edu.pe@smtp.office365.com: (535, b'5.7.139 Authentication unsuccessful, account locked. Contact your administrator. [JN3P275CA0007.ZAFP275.PROD.OUTLOOK.COM 2024-12-07T22:09:41.170Z 08DD1621E9F9723D]')
2024-12-07 16:09:53,271 - ERROR - SMTP test failed for loreno.893171@wnu.sti.edu.ph@smtp.office365.com: (535, b'5.7.139 Authentication unsuccessful, the user credentials were incorrect. [JN3P275CA0001.ZAFP275.PROD.OUTLOOK.COM 2024-12-07T22:09:53.415Z 08DD1645493FD12D]')
2024-12-07 16:10:06,478 - ERROR - SMTP test failed for 2019212773@fmu.edu.br@smtp.office365.com: (535, b'5.7.139 Authentication unsuccessful, the user credentials were incorrect. [JN3P275CA0006.ZAFP275.PROD.OUTLOOK.COM 2024-12-07T22:10:06.593Z 08DD16F30961CFE3]')
2024-12-07 16:10:14,787 - ERROR - SMTP test failed for sv43576736@idat.edu.pe@smtp.office365.com: (535, b'5.7.3 Authentication unsuccessful [JN3P275CA0001.ZAFP275.PROD.OUTLOOK.COM 2024-12-07T22:10:14.775Z 08DD1645493FD1DD]')
2024-12-07 16:10:24,951 - ERROR - SMTP test failed for 1552305@student.edu.az@smtp.office365.com: (535, b'5.7.139 Authentication unsuccessful, the user credentials were incorrect. [JN3P275CA0014.ZAFP275.PROD.OUTLOOK.COM 2024-12-07T22:10:25.108Z 08DD16C2A9396222]')
2024-12-07 16:10:36,229 - ERROR - SMTP test failed for U22325802@utp.edu.pe@smtp.office365.com: (535, b'5.7.139 Authentication unsuccessful, the user credentials were incorrect. [JN3P275CA0014.ZAFP275.PROD.OUTLOOK.COM 2024-12-07T22:10:36.359Z 08DD16C2A939625D]')
2024-12-07 16:10:48,208 - ERROR - SMTP test failed for juana.reymundo@unas.edu.pe@smtp.office365.com: (535, b'5.7.139 Authentication unsuccessful, account locked. Contact your administrator. [JN3P275CA0012.ZAFP275.PROD.OUTLOOK.COM 2024-12-07T22:10:48.246Z 08DD16E095BCFAC1]')
2024-12-07 16:10:58,442 - ERROR - SMTP test failed for aargarizq@alu.edu.gva.es@smtp.office365.com: (535, b'5.7.139 Authentication unsuccessful, the user credentials were incorrect. [JN3P275CA0001.ZAFP275.PROD.OUTLOOK.COM 2024-12-07T22:10:58.448Z 08DD1645493FD2DE]')
2024-12-07 16:11:08,767 - ERROR - SMTP test failed for juan.trianatrujillo@sedtolima.edu.co@smtp.office365.com: (535, b'5.7.3 Authentication unsuccessful [JN3P275CA0011.ZAFP275.PROD.OUTLOOK.COM 2024-12-07T22:11:08.825Z 08DD16623148A8D6]')
2024-12-07 16:11:21,266 - ERROR - SMTP test failed for 42825698@continental.edu.pe@smtp.office365.com: (535, b'5.7.139 Authentication unsuccessful, the user credentials were incorrect. [JN3P275CA0001.ZAFP275.PROD.OUTLOOK.COM 2024-12-07T22:11:21.324Z 08DD1645493FD383]')
2024-12-07 16:11:40,371 - ERROR - SMTP test failed for 45815296@istsanpablo.edu.pe@smtp.office365.com: (535, b'5.7.139 Authentication unsuccessful, account locked. Contact your administrator. [JN3P275CA0002.ZAFP275.PROD.OUTLOOK.COM 2024-12-07T22:11:40.519Z 08DD163951169D53]')
2024-12-07 16:11:48,860 - ERROR - SMTP test failed for a19202190@idat.edu.pe@smtp.office365.com: (535, b'5.7.3 Authentication unsuccessful [JN3P275CA0003.ZAFP275.PROD.OUTLOOK.COM 2024-12-07T22:11:48.934Z 08DD170788CE4278]')
2024-12-07 16:12:00,838 - ERROR - SMTP test failed for a.eliorico00329@student.tsu.edu.ph@smtp.office365.com: (535, b'5.7.139 Authentication unsuccessful, the user credentials were incorrect. [JN3P275CA0006.ZAFP275.PROD.OUTLOOK.COM 2024-12-07T22:12:00.985Z 08DD16F30961D2F5]')
2024-12-07 16:12:11,097 - ERROR - SMTP test failed for 62j2052@shct.edu.om@smtp.office365.com: (535, b'5.7.139 Authentication unsuccessful, account locked. Contact your administrator. [JN3P275CA0005.ZAFP275.PROD.OUTLOOK.COM 2024-12-07T22:12:11.189Z 08DD164AED716F3D]')
2024-12-07 16:12:22,192 - ERROR - SMTP test failed for U20304216@utp.edu.pe@smtp.office365.com: (535, b'5.7.139 Authentication unsuccessful, account locked. Contact your administrator. [JN3P275CA0001.ZAFP275.PROD.OUTLOOK.COM 2024-12-07T22:12:22.294Z 08DD1645493FD4E3]')
2024-12-07 16:12:33,243 - ERROR - SMTP test failed for u22321577@utp.edu.pe@smtp.office365.com: (535, b'5.7.139 Authentication unsuccessful, the user credentials were incorrect. [JN3P275CA0011.ZAFP275.PROD.OUTLOOK.COM 2024-12-07T22:12:33.326Z 08DD16623148AAEE]')
2024-12-07 16:12:43,882 - ERROR - SMTP test failed for edgardo.antonio.lopez@docentes.mined.edu.sv@smtp.office365.com: (535, b'5.7.3 Authentication unsuccessful [JN3P275CA0007.ZAFP275.PROD.OUTLOOK.COM 2024-12-07T22:12:43.940Z 08DD1621E9F976DD]')
2024-12-07 16:12:55,271 - ERROR - SMTP test failed for 181436@utags.edu.mx@smtp.office365.com: (535, b'5.7.139 Authentication unsuccessful, account locked. Contact your administrator. [JN3P275CA0015.ZAFP275.PROD.OUTLOOK.COM 2024-12-07T22:12:55.336Z 08DD16569EA3D9B1]')
2024-12-07 16:13:13,798 - ERROR - SMTP test failed for yetek.sibel@std.izu.edu.tr@smtp.office365.com: (535, b'5.7.139 Authentication unsuccessful, account locked. Contact your administrator. [JN3P275CA0006.ZAFP275.PROD.OUTLOOK.COM 2024-12-07T22:13:13.720Z 08DD16F30961D463]')
2024-12-07 16:13:34,853 - ERROR - SMTP test failed for U22307894@utp.edu.pe@smtp.office365.com: (535, b'5.7.139 Authentication unsuccessful, account locked. Contact your administrator. [JN3P275CA0002.ZAFP275.PROD.OUTLOOK.COM 2024-12-07T22:13:25.646Z 08DD163951169FB7]')
2024-12-07 16:13:50,896 - ERROR - SMTP test failed for 2218807@student.edu.az@smtp.office365.com: (535, b'5.7.139 Authentication unsuccessful, the user credentials were incorrect. [JN3P275CA0002.ZAFP275.PROD.OUTLOOK.COM 2024-12-07T22:13:50.819Z 08DD16395116A039]')
2024-12-07 16:14:04,389 - ERROR - SMTP test failed for jorge.masias@upeu.edu.pe@smtp.office365.com: (535, b'5.7.139 Authentication unsuccessful, SmtpClientAuthentication is disabled for the Tenant. Visit https://aka.ms/smtp_auth_disabled for more information. [JN3P275CA0015.ZAFP275.PROD.OUTLOOK.COM 2024-12-07T22:14:00.040Z 08DD16569EA3DB14]')
2024-12-07 16:14:15,688 - ERROR - SMTP test failed for jh2020-0067@uce.edu.do@smtp.office365.com: (535, b'5.7.139 Authentication unsuccessful, account locked. Contact your administrator. [JN3P275CA0006.ZAFP275.PROD.OUTLOOK.COM 2024-12-07T22:14:15.783Z 08DD16F30961D5C6]')
2024-12-07 16:14:26,957 - ERROR - SMTP test failed for e22200605@postgradoutp.edu.pe@smtp.office365.com: (535, b'5.7.139 Authentication unsuccessful, the user credentials were incorrect. [JN3P275CA0011.ZAFP275.PROD.OUTLOOK.COM 2024-12-07T22:14:27.077Z 08DD16623148AD28]')
2024-12-07 16:14:37,310 - ERROR - SMTP test failed for u21203346@utp.edu.pe@smtp.office365.com: (535, b'5.7.139 Authentication unsuccessful, account locked. Contact your administrator. [JN3P275CA0002.ZAFP275.PROD.OUTLOOK.COM 2024-12-07T22:14:37.351Z 08DD16395116A111]')
2024-12-07 16:14:48,445 - ERROR - SMTP test failed for Nam.THCB190074@sis.hust.edu.vn@smtp.office365.com: (535, b'5.7.139 Authentication unsuccessful, the user credentials were incorrect. [JN3P275CA0005.ZAFP275.PROD.OUTLOOK.COM 2024-12-07T22:14:48.490Z 08DD164AED717273]')
2024-12-07 16:15:01,561 - ERROR - SMTP test failed for ce_csociales_octavo_a@unach.edu.ec@smtp.office365.com: (535, b'5.7.139 Authentication unsuccessful, the user credentials were incorrect. [JN3P275CA0006.ZAFP275.PROD.OUTLOOK.COM 2024-12-07T22:15:01.627Z 08DD16F30961D6A2]')
2024-12-07 16:15:14,770 - ERROR - SMTP test failed for nicole.canaza@ucsm.edu.pe@smtp.office365.com: (535, b'5.7.139 Authentication unsuccessful, the user credentials were incorrect. [JN3P275CA0005.ZAFP275.PROD.OUTLOOK.COM 2024-12-07T22:15:14.491Z 08DD164AED7172D5]')
2024-12-07 16:15:27,283 - ERROR - SMTP test failed for 42854540@continental.edu.pe@smtp.office365.com: (535, b'5.7.139 Authentication unsuccessful, the user credentials were incorrect. [JN3P275CA0008.ZAFP275.PROD.OUTLOOK.COM 2024-12-07T22:15:27.378Z 08DD16CF0ACF6B7D]')
2024-12-07 16:15:37,761 - ERROR - SMTP test failed for 42210107.omar@acu.edu.eg@smtp.office365.com: (535, b'5.7.139 Authentication unsuccessful, account locked. Contact your administrator. [JN3P275CA0004.ZAFP275.PROD.OUTLOOK.COM 2024-12-07T22:15:37.864Z 08DD166DABA8B1C0]')
2024-12-07 16:15:50,200 - ERROR - SMTP test failed for e00000323953@aliat.edu.mx@smtp.office365.com: (535, b'5.7.139 Authentication unsuccessful, the request did not meet the criteria to be authenticated successfully. Contact your administrator. [JN3P275CA0014.ZAFP275.PROD.OUTLOOK.COM 2024-12-07T22:15:50.286Z 08DD16C2A9396926]')
2024-12-07 16:16:01,613 - ERROR - SMTP test failed for indi_ocampo@my.unitec.edu.mx@smtp.office365.com: (535, b'5.7.139 Authentication unsuccessful, the user credentials were incorrect. [JN3P275CA0007.ZAFP275.PROD.OUTLOOK.COM 2024-12-07T22:16:01.429Z 08DD1621E9F97AAE]')
2024-12-07 16:16:13,833 - ERROR - SMTP test failed for venancia.toapanta@estudiantes.edu.ec@smtp.office365.com: (535, b'5.7.139 Authentication unsuccessful, the user credentials were incorrect. [JN3P275CA0003.ZAFP275.PROD.OUTLOOK.COM 2024-12-07T22:16:13.519Z 08DD170788CE4786]')
2024-12-07 16:16:26,515 - ERROR - SMTP test failed for b180930811@must.edu.mn@smtp.office365.com: (535, b'5.7.139 Authentication unsuccessful, account locked. Contact your administrator. [JN3P275CA0003.ZAFP275.PROD.OUTLOOK.COM 2024-12-07T22:16:26.520Z 08DD170788CE47CC]')
2024-12-07 16:16:40,585 - ERROR - SMTP test failed for olga.martinez56773@uped.edu.sv@smtp.office365.com: (535, b'5.7.139 Authentication unsuccessful, account locked. Contact your administrator. [JN3P275CA0006.ZAFP275.PROD.OUTLOOK.COM 2024-12-07T22:16:40.676Z 08DD16F30961D87A]')
2024-12-07 16:16:51,328 - ERROR - SMTP test failed for 202121133@std-zuj.edu.jo@smtp.office365.com: (535, b'5.7.139 Authentication unsuccessful, account locked. Contact your administrator. [JN3P275CA0009.ZAFP275.PROD.OUTLOOK.COM 2024-12-07T22:16:51.399Z 08DD16512C9F17A6]')
2024-12-07 16:17:04,547 - ERROR - SMTP test failed for 11166258@st.neu.edu.vn@smtp.office365.com: (535, b'5.7.139 Authentication unsuccessful, account locked. Contact your administrator. [JN3P275CA0006.ZAFP275.PROD.OUTLOOK.COM 2024-12-07T22:17:04.629Z 08DD16F30961D8DA]')
2024-12-07 16:17:19,551 - ERROR - SMTP test failed for 100303414@est.uasd.edu.do@smtp.office365.com: (535, b'5.7.139 Authentication unsuccessful, the user credentials were incorrect. [JN3P275CA0003.ZAFP275.PROD.OUTLOOK.COM 2024-12-07T22:17:19.599Z 08DD170788CE48A4]')
2024-12-07 16:17:30,740 - ERROR - SMTP test failed for U23249821@utp.edu.pe@smtp.office365.com: (535, b'5.7.139 Authentication unsuccessful, account locked. Contact your administrator. [JN3P275CA0008.ZAFP275.PROD.OUTLOOK.COM 2024-12-07T22:17:30.771Z 08DD16CF0ACF6DF4]')
2024-12-07 16:17:43,131 - ERROR - SMTP test failed for 2023010722@unfv.edu.pe@smtp.office365.com: (535, b'5.7.139 Authentication unsuccessful, account locked. Contact your administrator. [JN3P275CA0014.ZAFP275.PROD.OUTLOOK.COM 2024-12-07T22:17:43.179Z 08DD16C2A9396B32]')
2024-12-07 16:17:55,536 - ERROR - SMTP test failed for U20209307@utp.edu.pe@smtp.office365.com: (535, b'5.7.139 Authentication unsuccessful, account locked. Contact your administrator. [JN3P275CA0015.ZAFP275.PROD.OUTLOOK.COM 2024-12-07T22:17:55.622Z 08DD16569EA3DF6F]')
2024-12-07 16:18:05,918 - ERROR - SMTP test failed for 51910545@acu.edu.eg@smtp.office365.com: (535, b'5.7.139 Authentication unsuccessful, account locked. Contact your administrator. [JN3P275CA0008.ZAFP275.PROD.OUTLOOK.COM 2024-12-07T22:18:05.787Z 08DD16CF0ACF6E84]')
2024-12-07 16:18:17,214 - ERROR - SMTP test failed for 1332563@student.edu.az@smtp.office365.com: (535, b'5.7.139 Authentication unsuccessful, account locked. Contact your administrator. [JN3P275CA0015.ZAFP275.PROD.OUTLOOK.COM 2024-12-07T22:18:16.935Z 08DD16569EA3DFC4]')
2024-12-07 16:18:26,433 - ERROR - SMTP test failed for japineda9@utpl.edu.ec@smtp.office365.com: (535, b'5.7.139 Authentication unsuccessful, SmtpClientAuthentication is disabled for the Mailbox. Visit https://aka.ms/smtp_auth_disabled for more information. [JN3P275CA0005.ZAFP275.PROD.OUTLOOK.COM 2024-12-07T22:18:26.527Z 08DD164AED71767C]')
2024-12-07 16:18:35,204 - ERROR - SMTP test failed for alintana.370063@globalcity.sti.edu.ph@smtp.office365.com: (535, b'5.7.139 Authentication unsuccessful, SmtpClientAuthentication is disabled for the Tenant. Visit https://aka.ms/smtp_auth_disabled for more information. [JN3P275CA0013.ZAFP275.PROD.OUTLOOK.COM 2024-12-07T22:18:35.317Z 08DD165CF7D2FCC5]')
2024-12-07 16:18:48,161 - ERROR - SMTP test failed for baohq5239@ut.edu.vn@smtp.office365.com: (535, b'5.7.139 Authentication unsuccessful, the user credentials were incorrect. [JN3P275CA0013.ZAFP275.PROD.OUTLOOK.COM 2024-12-07T22:18:47.739Z 08DD165CF7D2FCEE]')
2024-12-07 16:18:58,647 - ERROR - SMTP test failed for u21300557@utp.edu.pe@smtp.office365.com: (535, b'5.7.139 Authentication unsuccessful, account locked. Contact your administrator. [JN3P275CA0015.ZAFP275.PROD.OUTLOOK.COM 2024-12-07T22:18:58.592Z 08DD16569EA3E064]')
2024-12-07 16:19:09,903 - ERROR - SMTP test failed for andescdau@alu.edu.gva.es@smtp.office365.com: (535, b'5.7.139 Authentication unsuccessful, the user credentials were incorrect. [JN3P275CA0011.ZAFP275.PROD.OUTLOOK.COM 2024-12-07T22:19:09.955Z 08DD16623148B232]')
2024-12-07 16:19:20,991 - ERROR - SMTP test failed for abdullah_shaaban_1792@fci.helwan.edu.eg@smtp.office365.com: (535, b'5.7.139 Authentication unsuccessful, the user credentials were incorrect. [JN3P275CA0003.ZAFP275.PROD.OUTLOOK.COM 2024-12-07T22:19:20.945Z 08DD170788CE4AB5]')
2024-12-07 16:19:32,135 - ERROR - SMTP test failed for 202020339@students.asu.edu.jo@smtp.office365.com: (535, b'5.7.139 Authentication unsuccessful, account locked. Contact your administrator. [JN3P275CA0013.ZAFP275.PROD.OUTLOOK.COM 2024-12-07T22:19:32.225Z 08DD165CF7D2FDA0]')
2024-12-07 16:19:44,177 - ERROR - SMTP test failed for E22200605@postgradoutp.edu.pe@smtp.office365.com: (535, b'5.7.139 Authentication unsuccessful, the user credentials were incorrect. [JN3P275CA0003.ZAFP275.PROD.OUTLOOK.COM 2024-12-07T22:19:44.071Z 08DD170788CE4B14]')
2024-12-07 16:19:55,625 - ERROR - SMTP test failed for 16ld022@my.lumhs.edu.pk@smtp.office365.com: (535, b'5.7.139 Authentication unsuccessful, the user credentials were incorrect. [JN3P275CA0004.ZAFP275.PROD.OUTLOOK.COM 2024-12-07T22:19:55.715Z 08DD166DABA8B618]')
2024-12-07 16:20:14,313 - ERROR - SMTP test failed for 21k4020079@hce.edu.vn@smtp.office365.com: (535, b'5.7.139 Authentication unsuccessful, the user credentials were incorrect. [JN3P275CA0004.ZAFP275.PROD.OUTLOOK.COM 2024-12-07T22:20:14.028Z 08DD166DABA8B640]')
2024-12-07 16:20:25,443 - ERROR - SMTP test failed for 21K4020079@hce.edu.vn@smtp.office365.com: (535, b'5.7.139 Authentication unsuccessful, the user credentials were incorrect. [JN3P275CA0009.ZAFP275.PROD.OUTLOOK.COM 2024-12-07T22:20:25.499Z 08DD16512C9F1B16]')
2024-12-07 16:20:36,812 - ERROR - SMTP test failed for heneelst12768132@estudiantes.edu.ec@smtp.office365.com: (535, b'5.7.139 Authentication unsuccessful, the user credentials were incorrect. [JN3P275CA0004.ZAFP275.PROD.OUTLOOK.COM 2024-12-07T22:20:36.919Z 08DD166DABA8B6DA]')
2024-12-07 16:20:49,323 - ERROR - SMTP test failed for u23249821@utp.edu.pe@smtp.office365.com: (535, b'5.7.139 Authentication unsuccessful, account locked. Contact your administrator. [JN3P275CA0009.ZAFP275.PROD.OUTLOOK.COM 2024-12-07T22:20:49.421Z 08DD16512C9F1B7D]')
2024-12-07 16:21:01,905 - ERROR - SMTP test failed for luis.reymundo@unas.edu.pe@smtp.office365.com: (535, b'5.7.139 Authentication unsuccessful, account locked. Contact your administrator. [JN3P275CA0004.ZAFP275.PROD.OUTLOOK.COM 2024-12-07T22:21:01.966Z 08DD166DABA8B75F]')
2024-12-07 16:21:10,571 - ERROR - SMTP test failed for dianys.delgado@meduca.edu.pa@smtp.office365.com: (535, b'5.7.139 Authentication unsuccessful, SmtpClientAuthentication is disabled for the Tenant. Visit https://aka.ms/smtp_auth_disabled for more information. [JN3P275CA0011.ZAFP275.PROD.OUTLOOK.COM 2024-12-07T22:21:10.629Z 08DD16623148B450]')
2024-12-07 16:21:24,622 - ERROR - SMTP test failed for 300649@uniarp.edu.br@smtp.office365.com: (535, b'5.7.139 Authentication unsuccessful, the user credentials were incorrect. [JN3P275CA0005.ZAFP275.PROD.OUTLOOK.COM 2024-12-07T22:21:24.719Z 08DD164AED71795F]')
2024-12-07 16:21:34,894 - ERROR - SMTP test failed for 20202001504@ogr.akdeniz.edu.tr@smtp.office365.com: (535, b'5.7.139 Authentication unsuccessful, the request did not meet the criteria to be authenticated successfully. Contact your administrator. [JN3P275CA0012.ZAFP275.PROD.OUTLOOK.COM 2024-12-07T22:21:34.742Z 08DD16E095BD0734]')
2024-12-07 16:21:48,873 - ERROR - SMTP test failed for 619000504@projecao.edu.br@smtp.office365.com: (535, b'5.7.139 Authentication unsuccessful, account locked. Contact your administrator. [JN3P275CA0009.ZAFP275.PROD.OUTLOOK.COM 2024-12-07T22:21:48.860Z 08DD16512C9F1C84]')
2024-12-07 16:22:08,555 - ERROR - SMTP test failed for 201910288@std-zuj.edu.jo@smtp.office365.com: (535, b'5.7.139 Authentication unsuccessful, the user credentials were incorrect. [JN3P275CA0015.ZAFP275.PROD.OUTLOOK.COM 2024-12-07T22:22:08.596Z 08DD16569EA3E373]')
2024-12-07 16:22:19,000 - ERROR - SMTP test failed for 18130111022@ybu.edu.tr@smtp.office365.com: (535, b'5.7.139 Authentication unsuccessful, the user credentials were incorrect. [JN3P275CA0002.ZAFP275.PROD.OUTLOOK.COM 2024-12-07T22:22:19.001Z 08DD16395116A934]')
2024-12-07 16:22:37,962 - ERROR - SMTP test failed for 72838172@continental.edu.pe@smtp.office365.com: (535, b'5.7.139 Authentication unsuccessful, account locked. Contact your administrator. [JN3P275CA0012.ZAFP275.PROD.OUTLOOK.COM 2024-12-07T22:22:37.993Z 08DD16E095BD0869]')
2024-12-07 16:22:48,729 - ERROR - SMTP test failed for 21-env-36@students.uettaxila.edu.pk@smtp.office365.com: (535, b'5.7.139 Authentication unsuccessful, account locked. Contact your administrator. [JN3P275CA0005.ZAFP275.PROD.OUTLOOK.COM 2024-12-07T22:22:48.830Z 08DD164AED717AFD]')
2024-12-07 16:23:01,990 - ERROR - SMTP test failed for miltonwsergeant@students.utech.edu.jm@smtp.office365.com: (535, b'5.7.139 Authentication unsuccessful, the user credentials were incorrect. [JN3P275CA0006.ZAFP275.PROD.OUTLOOK.COM 2024-12-07T22:23:02.072Z 08DD16F30961DF72]')
2024-12-07 16:23:15,139 - ERROR - SMTP test failed for nifloresv@uce.edu.ec@smtp.office365.com: (535, b'5.7.139 Authentication unsuccessful, account locked. Contact your administrator. [JN3P275CA0013.ZAFP275.PROD.OUTLOOK.COM 2024-12-07T22:23:15.121Z 08DD165CF7D301CD]')
2024-12-07 16:23:25,710 - ERROR - SMTP test failed for mlutfutopcu@ogr.trakya.edu.tr@smtp.office365.com: (535, b'5.7.139 Authentication unsuccessful, the user credentials were incorrect. [JN3P275CA0003.ZAFP275.PROD.OUTLOOK.COM 2024-12-07T22:23:25.574Z 08DD170788CE4F3A]')
2024-12-07 16:23:39,436 - ERROR - SMTP test failed for d_ca.hipolito.gonzalez@universidadazteca.edu.mx@smtp.office365.com: (535, b'5.7.139 Authentication unsuccessful, the user credentials were incorrect. [JN3P275CA0012.ZAFP275.PROD.OUTLOOK.COM 2024-12-07T22:23:39.041Z 08DD16E095BD0964]')
2024-12-07 16:23:52,610 - ERROR - SMTP test failed for 72040681@continental.edu.pe@smtp.office365.com: (535, b'5.7.139 Authentication unsuccessful, the user credentials were incorrect. [JN3P275CA0013.ZAFP275.PROD.OUTLOOK.COM 2024-12-07T22:23:52.716Z 08DD165CF7D30272]')
2024-12-07 16:24:00,836 - ERROR - SMTP test failed for sv43761977@idat.edu.pe@smtp.office365.com: (535, b'5.7.3 Authentication unsuccessful [JN3P275CA0013.ZAFP275.PROD.OUTLOOK.COM 2024-12-07T22:24:00.950Z 08DD165CF7D302A2]')
2024-12-07 16:24:11,187 - ERROR - SMTP test failed for 1190121006@nku.edu.tr@smtp.office365.com: (535, b'5.7.139 Authentication unsuccessful, the user credentials were incorrect. [JN3P275CA0013.ZAFP275.PROD.OUTLOOK.COM 2024-12-07T22:24:11.294Z 08DD165CF7D302C9]')
2024-12-07 16:24:24,029 - ERROR - SMTP test failed for 2013154031@alu.uap.edu.pe@smtp.office365.com: (535, b'5.7.139 Authentication unsuccessful, the user credentials were incorrect. [JN3P275CA0009.ZAFP275.PROD.OUTLOOK.COM 2024-12-07T22:24:23.661Z 08DD16512C9F1F78]')
2024-12-07 16:24:38,570 - ERROR - SMTP test failed for 70149904@continental.edu.pe@smtp.office365.com: (535, b'5.7.139 Authentication unsuccessful, account locked. Contact your administrator. [JN3P275CA0011.ZAFP275.PROD.OUTLOOK.COM 2024-12-07T22:24:38.647Z 08DD16623148B806]')
2024-12-07 16:24:39,771 - ERROR - Error saving campaigns: 'CampaignManager' object has no attribute 'encryption'
2024-12-07 16:24:39,772 - ERROR - Error creating campaign: 'CampaignManager' object has no attribute 'encryption'
2024-12-07 16:24:50,894 - ERROR - SMTP test failed for leonardo.escribano.acad132@df.conalep.edu.mx@smtp.office365.com: (535, b'5.7.139 Authentication unsuccessful, the user credentials were incorrect. [JN3P275CA0005.ZAFP275.PROD.OUTLOOK.COM 2024-12-07T22:24:50.959Z 08DD164AED717CEC]')
2024-12-07 16:25:02,224 - ERROR - SMTP test failed for s140149@ujk.edu.pl@smtp.office365.com: (535, b'5.7.139 Authentication unsuccessful, the user credentials were incorrect. [JN3P275CA0014.ZAFP275.PROD.OUTLOOK.COM 2024-12-07T22:25:02.281Z 08DD16C2A93972CA]')
2024-12-07 16:25:14,337 - ERROR - SMTP test failed for ncortizr@libertadores.edu.co@smtp.office365.com: (535, b'5.7.139 Authentication unsuccessful, account locked. Contact your administrator. [JN3P275CA0002.ZAFP275.PROD.OUTLOOK.COM 2024-12-07T22:25:14.442Z 08DD16395116AC5B]')
2024-12-07 16:25:26,970 - ERROR - SMTP test failed for bupl202302@estudiante.cecytev.edu.mx@smtp.office365.com: (535, b'5.7.139 Authentication unsuccessful, the user credentials were incorrect. [JN3P275CA0002.ZAFP275.PROD.OUTLOOK.COM 2024-12-07T22:25:27.052Z 08DD16395116AC8E]')
2024-12-07 16:25:38,635 - ERROR - SMTP test failed for u23227856@utp.edu.pe@smtp.office365.com: (535, b'5.7.139 Authentication unsuccessful, the user credentials were incorrect. [JN3P275CA0006.ZAFP275.PROD.OUTLOOK.COM 2024-12-07T22:25:38.700Z 08DD16F30961E1ED]')
2024-12-07 16:25:49,908 - ERROR - SMTP test failed for 212205064@kku.edu.tr@smtp.office365.com: (535, b'5.7.139 Authentication unsuccessful, the user credentials were incorrect. [JN3P275CA0001.ZAFP275.PROD.OUTLOOK.COM 2024-12-07T22:25:49.970Z 08DD1645493FE365]')
2024-12-07 16:26:02,408 - ERROR - SMTP test failed for u23258009@utp.edu.pe@smtp.office365.com: (535, b'5.7.139 Authentication unsuccessful, account locked. Contact your administrator. [JN3P275CA0008.ZAFP275.PROD.OUTLOOK.COM 2024-12-07T22:26:02.294Z 08DD16CF0ACF7681]')
2024-12-07 16:26:20,727 - ERROR - SMTP test failed for kyawsanmoe@ucsh.edu.mm@smtp.office365.com: (535, b'5.7.139 Authentication unsuccessful, the user credentials were incorrect. [JN3P275CA0003.ZAFP275.PROD.OUTLOOK.COM 2024-12-07T22:26:20.545Z 08DD170788CE51DA]')
2024-12-07 16:26:29,273 - ERROR - SMTP test failed for sm72226806@idat.edu.pe@smtp.office365.com: (535, b'5.7.3 Authentication unsuccessful [JN3P275CA0011.ZAFP275.PROD.OUTLOOK.COM 2024-12-07T22:26:29.382Z 08DD16623148B9D2]')
2024-12-07 16:26:42,441 - ERROR - SMTP test failed for buc0017@koonung.vic.edu.au@smtp.office365.com: (535, b'5.7.139 Authentication unsuccessful, federated STS service was unreachable. [JN3P275CA0012.ZAFP275.PROD.OUTLOOK.COM 2024-12-07T22:26:42.419Z 08DD16E095BD0C53]')
2024-12-07 16:26:54,490 - ERROR - SMTP test failed for e23200098@postgradoutp.edu.pe@smtp.office365.com: (535, b'5.7.139 Authentication unsuccessful, account locked. Contact your administrator. [JN3P275CA0006.ZAFP275.PROD.OUTLOOK.COM 2024-12-07T22:26:54.389Z 08DD16F30961E2FB]')
2024-12-07 16:27:12,675 - ERROR - SMTP test failed for u23255349@utp.edu.pe@smtp.office365.com: (535, b'5.7.139 Authentication unsuccessful, the user credentials were incorrect. [JN3P275CA0005.ZAFP275.PROD.OUTLOOK.COM 2024-12-07T22:27:12.666Z 08DD164AED717F0E]')
2024-12-07 16:27:26,798 - ERROR - SMTP test failed for 605271@univem.edu.br@smtp.office365.com: (535, b'5.7.139 Authentication unsuccessful, the user credentials were incorrect. [JN3P275CA0006.ZAFP275.PROD.OUTLOOK.COM 2024-12-07T22:27:26.920Z 08DD16F30961E3A7]')
2024-12-07 16:27:37,723 - ERROR - SMTP test failed for 202010488@std-zuj.edu.jo@smtp.office365.com: (535, b'5.7.139 Authentication unsuccessful, account locked. Contact your administrator. [JN3P275CA0002.ZAFP275.PROD.OUTLOOK.COM 2024-12-07T22:27:37.836Z 08DD16395116AEBC]')
2024-12-07 16:27:49,022 - ERROR - SMTP test failed for u22325802@utp.edu.pe@smtp.office365.com: (535, b'5.7.139 Authentication unsuccessful, the user credentials were incorrect. [JN3P275CA0005.ZAFP275.PROD.OUTLOOK.COM 2024-12-07T22:27:48.964Z 08DD164AED717FD1]')
2024-12-07 16:28:00,148 - ERROR - SMTP test failed for 47641001@continental.edu.pe@smtp.office365.com: (535, b'5.7.139 Authentication unsuccessful, account locked. Contact your administrator. [JN3P275CA0013.ZAFP275.PROD.OUTLOOK.COM 2024-12-07T22:28:00.253Z 08DD165CF7D30681]')
2024-12-07 16:28:10,846 - ERROR - SMTP test failed for es-ziadmowafi2022@alexu.edu.eg@smtp.office365.com: (535, b'5.7.139 Authentication unsuccessful, the user credentials were incorrect. [JN3P275CA0015.ZAFP275.PROD.OUTLOOK.COM 2024-12-07T22:28:10.930Z 08DD16569EA3E9D0]')
2024-12-07 16:28:17,810 - ERROR - Campaign processing error: 'RecipientManager' object has no attribute 'get_recipients_by_tags'
2024-12-07 16:28:30,059 - ERROR - SMTP test failed for mai.nt182052@sis.hust.edu.vn@smtp.office365.com: (535, b'5.7.3 Authentication unsuccessful [JN3P275CA0008.ZAFP275.PROD.OUTLOOK.COM 2024-12-07T22:28:29.796Z 08DD16CF0ACF78CF]')
2024-12-07 16:28:46,052 - ERROR - SMTP test failed for u17107476@utp.edu.pe@smtp.office365.com: (535, b'5.7.139 Authentication unsuccessful, the user credentials were incorrect. [JN3P275CA0006.ZAFP275.PROD.OUTLOOK.COM 2024-12-07T22:28:46.171Z 08DD16F30961E4DE]')
2024-12-07 16:29:07,265 - ERROR - SMTP test failed for 2020-3200091@est.unev.edu.do@smtp.office365.com: (535, b'5.7.139 Authentication unsuccessful, the user credentials were incorrect. [JN3P275CA0011.ZAFP275.PROD.OUTLOOK.COM 2024-12-07T22:29:00.306Z 08DD16623148BC4E]')
2024-12-07 16:29:18,916 - ERROR - SMTP test failed for u22244035@utp.edu.pe@smtp.office365.com: (535, b'5.7.139 Authentication unsuccessful, account locked. Contact your administrator. [JN3P275CA0015.ZAFP275.PROD.OUTLOOK.COM 2024-12-07T22:29:18.993Z 08DD16569EA3EAFD]')
2024-12-07 16:29:31,456 - ERROR - SMTP test failed for eh2016-0486@uce.edu.do@smtp.office365.com: (535, b'5.7.139 Authentication unsuccessful, the user credentials were incorrect. [JN3P275CA0001.ZAFP275.PROD.OUTLOOK.COM 2024-12-07T22:29:31.569Z 08DD1645493FE717]')
2024-12-07 16:29:39,905 - ERROR - SMTP test failed for sv74396696@idat.edu.pe@smtp.office365.com: (535, b'5.7.3 Authentication unsuccessful [JN3P275CA0008.ZAFP275.PROD.OUTLOOK.COM 2024-12-07T22:29:39.843Z 08DD16CF0ACF7A1D]')
2024-12-07 16:29:53,421 - ERROR - SMTP test failed for 667090@mec.edu.py@smtp.office365.com: (535, b'5.7.139 Authentication unsuccessful, account locked. Contact your administrator. [JN3P275CA0008.ZAFP275.PROD.OUTLOOK.COM 2024-12-07T22:29:53.344Z 08DD16CF0ACF7A4A]')
2024-12-07 16:30:05,219 - ERROR - SMTP test failed for g.zagarian@lo30.elodz.edu.pl@smtp.office365.com: (535, b'5.7.139 Authentication unsuccessful, the user credentials were incorrect. [JN3P275CA0014.ZAFP275.PROD.OUTLOOK.COM 2024-12-07T22:30:05.302Z 08DD16C2A93977CB]')
2024-12-07 16:30:15,169 - ERROR - SMTP test failed for 1809769@eng.asu.edu.eg@smtp.office365.com: (535, b'5.7.139 Authentication unsuccessful, account locked. Contact your administrator. [JN3P275CA0013.ZAFP275.PROD.OUTLOOK.COM 2024-12-07T22:30:15.178Z 08DD165CF7D308ED]')
2024-12-07 16:30:25,672 - ERROR - SMTP test failed for 200309037@ogr.ikc.edu.tr@smtp.office365.com: (535, b'5.7.139 Authentication unsuccessful, the user credentials were incorrect. [JN3P275CA0005.ZAFP275.PROD.OUTLOOK.COM 2024-12-07T22:30:25.718Z 08DD164AED71829E]')
2024-12-07 16:30:39,205 - ERROR - SMTP test failed for er12005@ti.ues.edu.sv@smtp.office365.com: (535, b'5.7.139 Authentication unsuccessful, the user credentials were incorrect. [JN3P275CA0003.ZAFP275.PROD.OUTLOOK.COM 2024-12-07T22:30:39.298Z 08DD170788CE564B]')
2024-12-07 16:30:48,692 - ERROR - SMTP test failed for paolo.beltran@upeu.edu.pe@smtp.office365.com: (535, b'5.7.139 Authentication unsuccessful, SmtpClientAuthentication is disabled for the Tenant. Visit https://aka.ms/smtp_auth_disabled for more information. [JN3P275CA0004.ZAFP275.PROD.OUTLOOK.COM 2024-12-07T22:30:48.731Z 08DD166DABA8C188]')
2024-12-07 16:31:01,552 - ERROR - SMTP test failed for pasacral1291213@estudiantes.edu.ec@smtp.office365.com: (535, b'5.7.139 Authentication unsuccessful, the user credentials were incorrect. [JN3P275CA0008.ZAFP275.PROD.OUTLOOK.COM 2024-12-07T22:31:01.579Z 08DD16CF0ACF7B82]')
2024-12-07 16:31:14,947 - ERROR - SMTP test failed for jcm100185@udelasalle.edu.mx@smtp.office365.com: (535, b'5.7.139 Authentication unsuccessful, the user credentials were incorrect. [JN3P275CA0014.ZAFP275.PROD.OUTLOOK.COM 2024-12-07T22:31:14.928Z 08DD16C2A939791C]')
2024-12-07 16:31:26,067 - ERROR - SMTP test failed for U23208572@utp.edu.pe@smtp.office365.com: (535, b'5.7.139 Authentication unsuccessful, the user credentials were incorrect. [JN3P275CA0008.ZAFP275.PROD.OUTLOOK.COM 2024-12-07T22:31:26.158Z 08DD16CF0ACF7C1C]')
2024-12-07 16:31:38,146 - ERROR - SMTP test failed for esteban.garcia35@my.unitec.edu.mx@smtp.office365.com: (535, b'5.7.139 Authentication unsuccessful, the request did not meet the criteria to be authenticated successfully. Contact your administrator. [JN3P275CA0005.ZAFP275.PROD.OUTLOOK.COM 2024-12-07T22:31:38.220Z 08DD164AED718419]')
2024-12-07 16:31:50,714 - ERROR - SMTP test failed for LEIDY.VASQUEZ.PORTELA@pi.edu.co@smtp.office365.com: (535, b'5.7.139 Authentication unsuccessful, the request did not meet the criteria to be authenticated successfully. Contact your administrator. [JN3P275CA0006.ZAFP275.PROD.OUTLOOK.COM 2024-12-07T22:31:50.845Z 08DD16F30961E86E]')
2024-12-07 16:32:03,800 - ERROR - SMTP test failed for ce_pedagogiahistoria_quinto_a@unach.edu.ec@smtp.office365.com: (535, b'5.7.139 Authentication unsuccessful, the user credentials were incorrect. [JN3P275CA0015.ZAFP275.PROD.OUTLOOK.COM 2024-12-07T22:32:03.934Z 08DD16569EA3EE19]')
2024-12-07 16:32:15,418 - ERROR - SMTP test failed for 122727.sayyed@alpha.edu.pk@smtp.office365.com: (535, b'5.7.139 Authentication unsuccessful, account locked. Contact your administrator. [JN3P275CA0003.ZAFP275.PROD.OUTLOOK.COM 2024-12-07T22:32:15.285Z 08DD170788CE5820]')
2024-12-07 16:32:24,468 - ERROR - SMTP test failed for sv47641001@idat.edu.pe@smtp.office365.com: (535, b'5.7.3 Authentication unsuccessful [JN3P275CA0001.ZAFP275.PROD.OUTLOOK.COM 2024-12-07T22:32:24.292Z 08DD1645493FEA7E]')
2024-12-07 16:32:36,285 - ERROR - SMTP test failed for U23252857@utp.edu.pe@smtp.office365.com: (535, b'5.7.139 Authentication unsuccessful, the user credentials were incorrect. [JN3P275CA0012.ZAFP275.PROD.OUTLOOK.COM 2024-12-07T22:32:36.394Z 08DD16E095BD12A5]')
2024-12-07 16:32:48,568 - ERROR - SMTP test failed for 501230580@stu.itc.edu.vn@smtp.office365.com: (535, b'5.7.139 Authentication unsuccessful, the user credentials were incorrect. [JN3P275CA0008.ZAFP275.PROD.OUTLOOK.COM 2024-12-07T22:32:48.643Z 08DD16CF0ACF7DC3]')
2024-12-07 16:32:59,893 - ERROR - SMTP test failed for 2018709005@ogr.oku.edu.tr@smtp.office365.com: (535, b'5.7.139 Authentication unsuccessful, account locked. Contact your administrator. [JN3P275CA0012.ZAFP275.PROD.OUTLOOK.COM 2024-12-07T22:32:59.973Z 08DD16E095BD1315]')
2024-12-07 16:33:17,818 - ERROR - SMTP test failed for b.a.khateeb@students.ptuk.edu.ps@smtp.office365.com: (535, b'5.7.139 Authentication unsuccessful, the user credentials were incorrect. [JN3P275CA0015.ZAFP275.PROD.OUTLOOK.COM 2024-12-07T22:33:17.888Z 08DD16569EA3EF68]')
2024-12-07 16:33:27,345 - ERROR - SMTP test failed for t201811369@feucanvas.edu.ph@smtp.office365.com: (535, b'5.7.3 Authentication unsuccessful [JN3P275CA0002.ZAFP275.PROD.OUTLOOK.COM 2024-12-07T22:33:27.468Z 08DD16395116B4FE]')
2024-12-07 16:33:39,332 - ERROR - SMTP test failed for jcblancor01@libertadores.edu.co@smtp.office365.com: (535, b'5.7.139 Authentication unsuccessful, the user credentials were incorrect. [JN3P275CA0015.ZAFP275.PROD.OUTLOOK.COM 2024-12-07T22:33:39.373Z 08DD16569EA3EFE7]')
2024-12-07 16:33:52,492 - ERROR - SMTP test failed for 20213549@fue.edu.eg@smtp.office365.com: (535, b'5.7.139 Authentication unsuccessful, the user credentials were incorrect. [JN3P275CA0006.ZAFP275.PROD.OUTLOOK.COM 2024-12-07T22:33:52.253Z 08DD16F30961EA8F]')
2024-12-07 16:34:05,587 - ERROR - SMTP test failed for mce10021912@utecnologica.edu.bo@smtp.office365.com: (535, b'5.7.139 Authentication unsuccessful, the user credentials were incorrect. [JN3P275CA0012.ZAFP275.PROD.OUTLOOK.COM 2024-12-07T22:34:05.693Z 08DD16E095BD143D]')
2024-12-07 16:34:15,011 - ERROR - SMTP test failed for 1451873@student.edu.az@smtp.office365.com: (535, b'5.7.3 Authentication unsuccessful [JN3P275CA0014.ZAFP275.PROD.OUTLOOK.COM 2024-12-07T22:34:14.822Z 08DD16C2A9397C9A]')
2024-12-07 16:34:28,566 - ERROR - SMTP test failed for a.f.helal@students.ptuk.edu.ps@smtp.office365.com: (535, b'5.7.139 Authentication unsuccessful, account locked. Contact your administrator. [JN3P275CA0011.ZAFP275.PROD.OUTLOOK.COM 2024-12-07T22:34:28.388Z 08DD16623148C260]')
2024-12-07 16:34:40,455 - ERROR - SMTP test failed for andrea.martinezm36@my.unitec.edu.mx@smtp.office365.com: (535, b'5.7.139 Authentication unsuccessful, the request did not meet the criteria to be authenticated successfully. Contact your administrator. [JN3P275CA0004.ZAFP275.PROD.OUTLOOK.COM 2024-12-07T22:34:40.597Z 08DD166DABA8C5E3]')
2024-12-07 16:34:53,682 - ERROR - SMTP test failed for dr.jeseniajer20@uniandes.edu.ec@smtp.office365.com: (535, b'5.7.139 Authentication unsuccessful, the user credentials were incorrect. [JN3P275CA0008.ZAFP275.PROD.OUTLOOK.COM 2024-12-07T22:34:53.832Z 08DD16CF0ACF8031]')
2024-12-07 16:37:33,190 - ERROR - SMTP test failed for ebenedict291@gmail.com@smtp.gmail.com: 'ascii' codec can't encode character '\xa0' in position 28: ordinal not in range(128)
2024-12-07 16:39:33,386 - ERROR - SMTP test failed for ebenedict291@gmail.com@smtp.gmail.com: 'ascii' codec can't encode character '\xa0' in position 28: ordinal not in range(128)
2024-12-07 16:43:42,647 - INFO - Recipients saved successfully
2024-12-07 16:44:26,772 - INFO - Recipients saved successfully
2024-12-07 17:08:57,211 - INFO - Templates saved successfully
2024-12-07 17:09:26,929 - INFO - Starting campaign: 20241207_170919
2024-12-07 17:09:26,931 - INFO - Template loaded: TESTING
2024-12-07 17:09:26,932 - INFO - Found 5 recipients for tags: ['list']
2024-12-07 17:09:26,933 - INFO - Campaign 20241207_170919 stopped by user
2024-12-07 17:09:26,934 - INFO - Campaign 20241207_170919 completed. Stats: {'total': 5, 'sent': 0, 'failed': 0, 'remaining': 5}
2024-12-07 17:13:34,219 - INFO - Starting campaign: 20241207_171327
2024-12-07 17:13:34,219 - INFO - Campaign 20241207_171327 started successfully
2024-12-07 17:13:34,220 - INFO - Template loaded: TESTING
2024-12-07 17:13:34,220 - INFO - Found 5 recipients for tags: ['list']
2024-12-07 17:13:34,222 - INFO - Sending email to: emmanuel.onuorah220812091@st.lasu.edu.ng
2024-12-07 17:13:34,222 - INFO - Using SMTP account: 19360858012@ogrenci.btu.edu.tr
2024-12-07 17:13:34,222 - ERROR - Error sending email to emmanuel.onuorah220812091@st.lasu.edu.ng: 'MessageManager' object has no attribute 'send_email'
2024-12-07 17:13:34,225 - INFO - Sending email to: lianaeverstone@gmail.com
2024-12-07 17:13:34,226 - INFO - Using SMTP account: 19360858012@ogrenci.btu.edu.tr
2024-12-07 17:13:34,226 - ERROR - Error sending email to lianaeverstone@gmail.com: 'MessageManager' object has no attribute 'send_email'
2024-12-07 17:13:34,227 - INFO - Sending email to: ebenedict291@gmail.com
2024-12-07 17:13:34,227 - INFO - Using SMTP account: 19360858012@ogrenci.btu.edu.tr
2024-12-07 17:13:34,227 - ERROR - Error sending email to ebenedict291@gmail.com: 'MessageManager' object has no attribute 'send_email'
2024-12-07 17:13:34,228 - INFO - Sending email to: clarriellis@icloud.com
2024-12-07 17:13:34,228 - INFO - Using SMTP account: 19360858012@ogrenci.btu.edu.tr
2024-12-07 17:13:34,229 - ERROR - Error sending email to clarriellis@icloud.com: 'MessageManager' object has no attribute 'send_email'
2024-12-07 17:13:34,230 - INFO - Sending email to: ceo33944@gmail.com
2024-12-07 17:13:34,230 - INFO - Using SMTP account: 19360858012@ogrenci.btu.edu.tr
2024-12-07 17:13:34,231 - ERROR - Error sending email to ceo33944@gmail.com: 'MessageManager' object has no attribute 'send_email'
2024-12-07 17:13:34,233 - INFO - Campaign 20241207_171327 completed. Stats: {'total': 5, 'sent': 0, 'failed': 5, 'remaining': 0}
2024-12-07 17:21:13,046 - INFO - Starting campaign: 20241207_172105
2024-12-07 17:21:13,046 - INFO - Campaign 20241207_172105 started successfully
2024-12-07 17:21:13,048 - INFO - Template loaded: TESTING
2024-12-07 17:21:13,048 - INFO - Found 5 recipients for tags: ['list']
2024-12-07 17:21:13,049 - INFO - Sending email to: ceo33944@gmail.com
2024-12-07 17:21:13,049 - INFO - Using SMTP account: 19360858012@ogrenci.btu.edu.tr with sender name: ACCOUNT SERVER TESTING
2024-12-07 17:21:19,466 - INFO - Email sent successfully to ceo33944@gmail.com
2024-12-07 17:21:19,467 - INFO - Email sent successfully to ceo33944@gmail.com
2024-12-07 17:21:19,468 - INFO - Sending email to: clarriellis@icloud.com
2024-12-07 17:21:19,468 - INFO - Using SMTP account: 19360858012@ogrenci.btu.edu.tr with sender name: ACCOUNT SERVER TESTING
2024-12-07 17:21:25,904 - INFO - Email sent successfully to clarriellis@icloud.com
2024-12-07 17:21:25,904 - INFO - Email sent successfully to clarriellis@icloud.com
2024-12-07 17:21:25,906 - INFO - Sending email to: lianaeverstone@gmail.com
2024-12-07 17:21:25,906 - INFO - Using SMTP account: 19360858012@ogrenci.btu.edu.tr with sender name: ACCOUNT SERVER TESTING
2024-12-07 17:21:31,434 - INFO - Email sent successfully to lianaeverstone@gmail.com
2024-12-07 17:21:31,434 - INFO - Email sent successfully to lianaeverstone@gmail.com
2024-12-07 17:21:31,436 - INFO - Sending email to: emmanuel.onuorah220812091@st.lasu.edu.ng
2024-12-07 17:21:31,436 - INFO - Using SMTP account: 19360858012@ogrenci.btu.edu.tr with sender name: ACCOUNT SERVER TESTING
2024-12-07 17:21:38,288 - INFO - Email sent successfully to emmanuel.onuorah220812091@st.lasu.edu.ng
2024-12-07 17:21:38,288 - INFO - Email sent successfully to emmanuel.onuorah220812091@st.lasu.edu.ng
2024-12-07 17:21:38,290 - INFO - Sending email to: ebenedict291@gmail.com
2024-12-07 17:21:38,290 - INFO - Using SMTP account: 19360858012@ogrenci.btu.edu.tr with sender name: ACCOUNT SERVER TESTING
2024-12-07 17:21:44,238 - INFO - Email sent successfully to ebenedict291@gmail.com
2024-12-07 17:21:44,238 - INFO - Email sent successfully to ebenedict291@gmail.com
2024-12-07 17:21:44,241 - INFO - Campaign 20241207_172105 completed. Stats: {'total': 5, 'sent': 5, 'failed': 0, 'remaining': 0}
2024-12-07 17:23:00,611 - INFO - Starting campaign: 20241207_172255
2024-12-07 17:23:00,611 - INFO - Campaign 20241207_172255 started successfully
2024-12-07 17:23:00,612 - INFO - Template loaded: TESTING
2024-12-07 17:23:00,613 - INFO - Found 5 recipients for tags: ['list']
2024-12-07 17:23:00,614 - INFO - Sending email to: ceo33944@gmail.com
2024-12-07 17:23:00,614 - INFO - Using SMTP account: ebenedict291@gmail.com with sender name: ACCOUNT SERVER TESTING
2024-12-07 17:23:05,524 - INFO - Email sent successfully to ceo33944@gmail.com
2024-12-07 17:23:05,524 - INFO - Email sent successfully to ceo33944@gmail.com
2024-12-07 17:23:05,526 - INFO - Sending email to: lianaeverstone@gmail.com
2024-12-07 17:23:05,526 - INFO - Using SMTP account: ebenedict291@gmail.com with sender name: ACCOUNT SERVER TESTING
2024-12-07 17:23:09,710 - INFO - Email sent successfully to lianaeverstone@gmail.com
2024-12-07 17:23:09,711 - INFO - Email sent successfully to lianaeverstone@gmail.com
2024-12-07 17:23:09,712 - INFO - Sending email to: ebenedict291@gmail.com
2024-12-07 17:23:09,712 - INFO - Using SMTP account: ebenedict291@gmail.com with sender name: ACCOUNT SERVER TESTING
2024-12-07 17:23:14,005 - INFO - Email sent successfully to ebenedict291@gmail.com
2024-12-07 17:23:14,006 - INFO - Email sent successfully to ebenedict291@gmail.com
2024-12-07 17:23:14,007 - INFO - Sending email to: emmanuel.onuorah220812091@st.lasu.edu.ng
2024-12-07 17:23:14,007 - INFO - Using SMTP account: ebenedict291@gmail.com with sender name: ACCOUNT SERVER TESTING
2024-12-07 17:23:18,222 - INFO - Email sent successfully to emmanuel.onuorah220812091@st.lasu.edu.ng
2024-12-07 17:23:18,223 - INFO - Email sent successfully to emmanuel.onuorah220812091@st.lasu.edu.ng
2024-12-07 17:23:18,225 - INFO - Sending email to: clarriellis@icloud.com
2024-12-07 17:23:18,225 - INFO - Using SMTP account: ebenedict291@gmail.com with sender name: ACCOUNT SERVER TESTING
2024-12-07 17:23:22,389 - INFO - Email sent successfully to clarriellis@icloud.com
2024-12-07 17:23:22,390 - INFO - Email sent successfully to clarriellis@icloud.com
2024-12-07 17:23:22,393 - INFO - Campaign 20241207_172255 completed. Stats: {'total': 5, 'sent': 5, 'failed': 0, 'remaining': 0}
2024-12-07 17:24:23,859 - ERROR - Error loading SMTP accounts: 
2024-12-07 17:24:23,860 - ERROR - Error loading recipients: 
2024-12-07 17:24:23,861 - ERROR - Error loading campaigns: 
2024-12-07 17:28:39,620 - INFO - Starting campaign: 20241207_172255
2024-12-07 17:28:39,622 - INFO - Template loaded: TESTING
2024-12-07 17:28:39,623 - INFO - Found 5 recipients for tags: ['list']
2024-12-07 17:28:39,624 - INFO - Sending email to: ceo33944@gmail.com
2024-12-07 17:28:39,624 - INFO - Using SMTP account: wilmer.guarangaq@ug.edu.ec with sender name: ACCOUNT SERVER TESTING
2024-12-07 17:28:47,917 - INFO - Email sent successfully to ceo33944@gmail.com
2024-12-07 17:28:47,917 - INFO - Email sent successfully to ceo33944@gmail.com
2024-12-07 17:28:47,919 - INFO - Sending email to: lianaeverstone@gmail.com
2024-12-07 17:28:47,919 - INFO - Using SMTP account: wilmer.guarangaq@ug.edu.ec with sender name: ACCOUNT SERVER TESTING
2024-12-07 17:28:54,263 - INFO - Email sent successfully to lianaeverstone@gmail.com
2024-12-07 17:28:54,263 - INFO - Email sent successfully to lianaeverstone@gmail.com
2024-12-07 17:28:54,264 - INFO - Sending email to: ebenedict291@gmail.com
2024-12-07 17:28:54,265 - INFO - Using SMTP account: wilmer.guarangaq@ug.edu.ec with sender name: ACCOUNT SERVER TESTING
2024-12-07 17:29:02,006 - INFO - Email sent successfully to ebenedict291@gmail.com
2024-12-07 17:29:02,007 - INFO - Email sent successfully to ebenedict291@gmail.com
2024-12-07 17:29:02,008 - INFO - Sending email to: clarriellis@icloud.com
2024-12-07 17:29:02,009 - INFO - Using SMTP account: wilmer.guarangaq@ug.edu.ec with sender name: ACCOUNT SERVER TESTING
2024-12-07 17:29:09,691 - INFO - Email sent successfully to clarriellis@icloud.com
2024-12-07 17:29:09,692 - INFO - Email sent successfully to clarriellis@icloud.com
2024-12-07 17:29:09,694 - INFO - Sending email to: emmanuel.onuorah220812091@st.lasu.edu.ng
2024-12-07 17:29:09,694 - INFO - Using SMTP account: wilmer.guarangaq@ug.edu.ec with sender name: ACCOUNT SERVER TESTING
2024-12-07 17:29:16,936 - INFO - Email sent successfully to emmanuel.onuorah220812091@st.lasu.edu.ng
2024-12-07 17:29:16,937 - INFO - Email sent successfully to emmanuel.onuorah220812091@st.lasu.edu.ng
2024-12-07 17:29:16,939 - INFO - Campaign 20241207_172255 completed. Stats: {'total': 5, 'sent': 5, 'failed': 0, 'remaining': 0}
2024-12-07 18:31:06,314 - INFO - Update available: 2.0.0
2024-12-07 18:31:06,804 - ERROR - macOS build failed: Command '['/usr/local/bin/python3', '/var/folders/w7/0qv22rk574g74kwz42_rtrg80000gn/T/tmp7af5k1h7/setup.py', 'build']' returned non-zero exit status 1.
2024-12-07 18:31:06,804 - ERROR - Update failed: Failed to build new version
2024-12-07 18:45:18,345 - ERROR - Error loading SMTP accounts: 
2024-12-07 18:45:18,348 - ERROR - Error loading recipients: 
2024-12-07 18:45:18,350 - ERROR - Error loading campaigns: 
2024-12-07 18:46:32,876 - INFO - Update available: 3.0.0
2024-12-07 18:48:40,038 - ERROR - Error replacing executable: [Errno 13] Permission denied
2024-12-07 18:48:40,039 - ERROR - Update failed: Failed to replace executable
2024-12-07 19:04:08,255 - ERROR - Error replacing executable: [Errno 13] Permission denied
2024-12-07 19:04:08,256 - ERROR - Update failed: Failed to replace executable
